Archive member included because of file (symbol)

c:/program files (x86)/atmel/atmel toolchain/arm gcc/native/4.8.1437/arm-gnu-toolchain/bin/../lib/gcc/arm-none-eabi/4.8.4/armv7-m\libgcc.a(_arm_addsubdf3.o)
                              src/BackControllerFunctions.o (__aeabi_dadd)
c:/program files (x86)/atmel/atmel toolchain/arm gcc/native/4.8.1437/arm-gnu-toolchain/bin/../lib/gcc/arm-none-eabi/4.8.4/armv7-m\libgcc.a(_arm_muldivdf3.o)
                              src/ADFunctions.o (__aeabi_dmul)
c:/program files (x86)/atmel/atmel toolchain/arm gcc/native/4.8.1437/arm-gnu-toolchain/bin/../lib/gcc/arm-none-eabi/4.8.4/armv7-m\libgcc.a(_arm_fixdfsi.o)
                              src/BackControllerFunctions.o (__aeabi_d2iz)
c:/program files (x86)/atmel/atmel toolchain/arm gcc/native/4.8.1437/arm-gnu-toolchain/bin/../lib/gcc/arm-none-eabi/4.8.4/armv7-m\libgcc.a(_arm_fixunsdfsi.o)
                              src/ADFunctions.o (__aeabi_d2uiz)
c:/program files (x86)/atmel/atmel toolchain/arm gcc/native/4.8.1437/arm-gnu-toolchain/bin/../lib/gcc/arm-none-eabi/4.8.4/../../../../arm-none-eabi/lib/armv7-m\libc.a(lib_a-exit.o)
                              c:/program files (x86)/atmel/atmel toolchain/arm gcc/native/4.8.1437/arm-gnu-toolchain/bin/../lib/gcc/arm-none-eabi/4.8.4/../../../../arm-none-eabi/lib/armv7-m/crt0.o (exit)
c:/program files (x86)/atmel/atmel toolchain/arm gcc/native/4.8.1437/arm-gnu-toolchain/bin/../lib/gcc/arm-none-eabi/4.8.4/../../../../arm-none-eabi/lib/armv7-m\libc.a(lib_a-impure.o)
                              c:/program files (x86)/atmel/atmel toolchain/arm gcc/native/4.8.1437/arm-gnu-toolchain/bin/../lib/gcc/arm-none-eabi/4.8.4/../../../../arm-none-eabi/lib/armv7-m\libc.a(lib_a-exit.o) (_global_impure_ptr)
c:/program files (x86)/atmel/atmel toolchain/arm gcc/native/4.8.1437/arm-gnu-toolchain/bin/../lib/gcc/arm-none-eabi/4.8.4/../../../../arm-none-eabi/lib/armv7-m\libc.a(lib_a-init.o)
                              c:/program files (x86)/atmel/atmel toolchain/arm gcc/native/4.8.1437/arm-gnu-toolchain/bin/../lib/gcc/arm-none-eabi/4.8.4/../../../../arm-none-eabi/lib/armv7-m/crt0.o (__libc_init_array)
c:/program files (x86)/atmel/atmel toolchain/arm gcc/native/4.8.1437/arm-gnu-toolchain/bin/../lib/gcc/arm-none-eabi/4.8.4/../../../../arm-none-eabi/lib/armv7-m\libc.a(lib_a-iprintf.o)
                              src/ASF/sam/drivers/adc/adc.o (iprintf)
c:/program files (x86)/atmel/atmel toolchain/arm gcc/native/4.8.1437/arm-gnu-toolchain/bin/../lib/gcc/arm-none-eabi/4.8.4/../../../../arm-none-eabi/lib/armv7-m\libc.a(lib_a-memcpy.o)
                              src/ASF/thirdparty/freertos/freertos-7.3.0/source/queue.o (memcpy)
c:/program files (x86)/atmel/atmel toolchain/arm gcc/native/4.8.1437/arm-gnu-toolchain/bin/../lib/gcc/arm-none-eabi/4.8.4/../../../../arm-none-eabi/lib/armv7-m\libc.a(lib_a-memset.o)
                              c:/program files (x86)/atmel/atmel toolchain/arm gcc/native/4.8.1437/arm-gnu-toolchain/bin/../lib/gcc/arm-none-eabi/4.8.4/../../../../arm-none-eabi/lib/armv7-m/crt0.o (memset)
c:/program files (x86)/atmel/atmel toolchain/arm gcc/native/4.8.1437/arm-gnu-toolchain/bin/../lib/gcc/arm-none-eabi/4.8.4/../../../../arm-none-eabi/lib/armv7-m\libc.a(lib_a-puts.o)
                              src/ASF/sam/drivers/adc/adc.o (puts)
c:/program files (x86)/atmel/atmel toolchain/arm gcc/native/4.8.1437/arm-gnu-toolchain/bin/../lib/gcc/arm-none-eabi/4.8.4/../../../../arm-none-eabi/lib/armv7-m\libc.a(lib_a-setbuf.o)
                              src/ConsoleFunctions.o (setbuf)
c:/program files (x86)/atmel/atmel toolchain/arm gcc/native/4.8.1437/arm-gnu-toolchain/bin/../lib/gcc/arm-none-eabi/4.8.4/../../../../arm-none-eabi/lib/armv7-m\libc.a(lib_a-setvbuf.o)
                              c:/program files (x86)/atmel/atmel toolchain/arm gcc/native/4.8.1437/arm-gnu-toolchain/bin/../lib/gcc/arm-none-eabi/4.8.4/../../../../arm-none-eabi/lib/armv7-m\libc.a(lib_a-setbuf.o) (setvbuf)
c:/program files (x86)/atmel/atmel toolchain/arm gcc/native/4.8.1437/arm-gnu-toolchain/bin/../lib/gcc/arm-none-eabi/4.8.4/../../../../arm-none-eabi/lib/armv7-m\libc.a(lib_a-sprintf.o)
                              src/ASF/thirdparty/freertos/freertos-7.3.0/source/tasks.o (sprintf)
c:/program files (x86)/atmel/atmel toolchain/arm gcc/native/4.8.1437/arm-gnu-toolchain/bin/../lib/gcc/arm-none-eabi/4.8.4/../../../../arm-none-eabi/lib/armv7-m\libc.a(lib_a-strcat.o)
                              src/ASF/thirdparty/freertos/freertos-7.3.0/source/tasks.o (strcat)
c:/program files (x86)/atmel/atmel toolchain/arm gcc/native/4.8.1437/arm-gnu-toolchain/bin/../lib/gcc/arm-none-eabi/4.8.4/../../../../arm-none-eabi/lib/armv7-m\libc.a(lib_a-strcpy.o)
                              c:/program files (x86)/atmel/atmel toolchain/arm gcc/native/4.8.1437/arm-gnu-toolchain/bin/../lib/gcc/arm-none-eabi/4.8.4/../../../../arm-none-eabi/lib/armv7-m\libc.a(lib_a-strcat.o) (strcpy)
[...]
Memory Configuration

Name             Origin             Length             Attributes
rom              0x00080000         0x00080000         xr
sram0            0x20000000         0x00010000         xrw
sram1            0x20080000         0x00008000         xrw
ram              0x20070000         0x00018000         xrw
*default*        0x00000000         0xffffffff

Linker script and memory map

LOAD c:/program files (x86)/atmel/atmel toolchain/arm gcc/native/4.8.1437/arm-gnu-toolchain/bin/../lib/gcc/arm-none-eabi/4.8.4/armv7-m/crti.o
LOAD c:/program files (x86)/atmel/atmel toolchain/arm gcc/native/4.8.1437/arm-gnu-toolchain/bin/../lib/gcc/arm-none-eabi/4.8.4/armv7-m/crtbegin.o
LOAD c:/program files (x86)/atmel/atmel toolchain/arm gcc/native/4.8.1437/arm-gnu-toolchain/bin/../lib/gcc/arm-none-eabi/4.8.4/../../../../arm-none-eabi/lib/armv7-m/crt0.o
LOAD src/ADFunctions.o
LOAD src/ASF/common/services/serial/usart_serial.o
LOAD src/ASF/common/utils/stdio/read.o
LOAD src/ASF/common/utils/stdio/write.o
LOAD src/ASF/sam/drivers/adc/adc.o
LOAD src/ASF/sam/drivers/adc/adc_sam3u.o
LOAD src/ASF/sam/drivers/pwm/pwm.o
LOAD src/ASF/sam/drivers/tc/tc.o
LOAD src/ASF/sam/drivers/uart/uart.o
LOAD src/ASF/sam/drivers/usart/usart.o
LOAD src/ASF/thirdparty/freertos/freertos-7.3.0/source/FreeRTOS_CLI.o
LOAD src/ASF/thirdparty/freertos/freertos-7.3.0/source/list.o
LOAD src/ASF/thirdparty/freertos/freertos-7.3.0/source/portable/gcc/sam/port.o
LOAD src/ASF/thirdparty/freertos/freertos-7.3.0/source/portable/memmang/heap_4.o
LOAD src/ASF/thirdparty/freertos/freertos-7.3.0/source/queue.o
LOAD src/ASF/thirdparty/freertos/freertos-7.3.0/source/tasks.o
LOAD src/ASF/thirdparty/freertos/freertos-7.3.0/source/timers.o
LOAD src/ConsoleFunctions.o
LOAD src/LookUpTableFunctions.o
LOAD src/PWMFunctions.o
LOAD src/BackControllerFunctions.o
LOAD src/NavigationFunctions.o
LOAD src/FrontControllerFunctions.o
LOAD src/RTOSFunctions.o
LOAD src/ASF/common/services/clock/sam3x/sysclk.o
LOAD src/ASF/common/utils/interrupt/interrupt_sam_nvic.o
LOAD src/ASF/sam/boards/arduino_due_x/init.o
LOAD src/ASF/sam/drivers/pio/pio.o
LOAD src/ASF/sam/drivers/pio/pio_handler.o
LOAD src/ASF/sam/drivers/pmc/pmc.o
LOAD src/ASF/sam/drivers/pmc/sleep.o
LOAD src/ASF/sam/utils/cmsis/sam3x/source/templates/exceptions.o
LOAD src/ASF/sam/utils/cmsis/sam3x/source/templates/gcc/startup_sam3x.o
LOAD src/ASF/sam/utils/cmsis/sam3x/source/templates/system_sam3x.o
LOAD src/ASF/sam/utils/syscalls/gcc/syscalls.o
LOAD src/main.o
START GROUP
LOAD ../src/ASF/thirdparty/CMSIS/Lib/GCC\libarm_cortexM3l_math.a
LOAD c:/program files (x86)/atmel/atmel toolchain/arm gcc/native/4.8.1437/arm-gnu-toolchain/bin/../lib/gcc/arm-none-eabi/4.8.4/../../../../arm-none-eabi/lib/armv7-m\libm.a
END GROUP
START GROUP
LOAD c:/program files (x86)/atmel/atmel toolchain/arm gcc/native/4.8.1437/arm-gnu-toolchain/bin/../lib/gcc/arm-none-eabi/4.8.4/armv7-m\libgcc.a
LOAD c:/program files (x86)/atmel/atmel toolchain/arm gcc/native/4.8.1437/arm-gnu-toolchain/bin/../lib/gcc/arm-none-eabi/4.8.4/../../../../arm-none-eabi/lib/armv7-m\libc.a
END GROUP
LOAD c:/program files (x86)/atmel/atmel toolchain/arm gcc/native/4.8.1437/arm-gnu-toolchain/bin/../lib/gcc/arm-none-eabi/4.8.4/armv7-m/crtend.o
LOAD c:/program files (x86)/atmel/atmel toolchain/arm gcc/native/4.8.1437/arm-gnu-toolchain/bin/../lib/gcc/arm-none-eabi/4.8.4/armv7-m/crtn.o
                0x00002000                __stack_size__ = DEFINED (__stack_size__)?__stack_size__:0x2000
                0x20087ffc                __ram_end__ = ((ORIGIN (ram) + 0x18000) - 0x4)

.text           0x00080000     0x6bf0
                0x00080000                . = ALIGN (0x4)
                0x00080000                _sfixed = .
 *(.vectors .vectors.*)
 .vectors       0x00080000       0xf4 src/ASF/sam/utils/cmsis/sam3x/source/templates/gcc/startup_sam3x.o
                0x00080000                exception_table
 *(.text .text.* .gnu.linkonce.t.*)
 .text          0x000800f4       0x54 c:/program files (x86)/atmel/atmel toolchain/arm gcc/native/4.8.1437/arm-gnu-toolchain/bin/../lib/gcc/arm-none-eabi/4.8.4/armv7-m/crtbegin.o
 .text.ADCConfigure
                0x00080148       0x78 src/ADFunctions.o
                0x00080148                ADCConfigure
 .text.ReadTopLeft
                0x000801c0       0x60 src/ADFunctions.o
                0x000801c0                ReadTopLeft
 .text.ReadTopRight
                0x00080220       0x60 src/ADFunctions.o
                0x00080220                ReadTopRight
 .text.ReadLowerLeft
                0x00080280       0x60 src/ADFunctions.o
                0x00080280                ReadLowerLeft
 .text.ReadLowerRight
                0x000802e0       0x60 src/ADFunctions.o
                0x000802e0                ReadLowerRight
 .text._read    0x00080340       0x40 src/ASF/common/utils/stdio/read.o
                0x00080340                _read
 .text._write   0x00080380       0x54 src/ASF/common/utils/stdio/write.o
                0x00080380                _write
 .text.adc_init
                0x000803d4       0x34 src/ASF/sam/drivers/adc/adc.o
                0x000803d4                adc_init
 .text.adc_set_resolution
                0x00080408       0x10 src/ASF/sam/drivers/adc/adc.o
                0x00080408                adc_set_resolution
 .text.adc_configure_trigger
                0x00080418       0x10 src/ASF/sam/drivers/adc/adc.o
                0x00080418                adc_configure_trigger
 .text.adc_configure_timing
                0x00080428       0x20 src/ASF/sam/drivers/adc/adc.o
                0x00080428                adc_configure_timing
 .text.adc_start
                0x00080448        0x8 src/ASF/sam/drivers/adc/adc.o
                0x00080448                adc_start
 .text.adc_enable_channel
                0x00080450        0xc src/ASF/sam/drivers/adc/adc.o
                0x00080450                adc_enable_channel
 .text.adc_get_channel_status
                0x0008045c        0xc src/ASF/sam/drivers/adc/adc.o
                0x0008045c                adc_get_channel_status
 .text.adc_get_channel_value
                0x00080468       0x10 src/ASF/sam/drivers/adc/adc.o
                0x00080468                adc_get_channel_value
 .text.pwm_clocks_generate
                0x00080478       0x58 src/ASF/sam/drivers/pwm/pwm.o
 .text.pwm_init
                0x000804d0       0x40 src/ASF/sam/drivers/pwm/pwm.o
                0x000804d0                pwm_init
 .text.pwm_channel_init
                0x00080510      0x104 src/ASF/sam/drivers/pwm/pwm.o
                0x00080510                pwm_channel_init
 .text.pwm_channel_update_duty
                0x00080614       0x24 src/ASF/sam/drivers/pwm/pwm.o
                0x00080614                pwm_channel_update_duty
 .text.pwm_channel_enable
                0x00080638        0xc src/ASF/sam/drivers/pwm/pwm.o
                0x00080638                pwm_channel_enable
 .text.pwm_channel_disable
                0x00080644        0xc src/ASF/sam/drivers/pwm/pwm.o
                0x00080644                pwm_channel_disable
 .text.uart_init
                0x00080650       0x38 src/ASF/sam/drivers/uart/uart.o
                0x00080650                uart_init
 .text.uart_write
                0x00080688       0x10 src/ASF/sam/drivers/uart/uart.o
                0x00080688                uart_write
 .text.uart_read
                0x00080698       0x14 src/ASF/sam/drivers/uart/uart.o
                0x00080698                uart_read
 .text.usart_write
                0x000806ac       0x14 src/ASF/sam/drivers/usart/usart.o
                0x000806ac                usart_write
 .text.usart_read
                0x000806c0       0x18 src/ASF/sam/drivers/usart/usart.o
                0x000806c0                usart_read
 .text.vListInitialise
                0x000806d8       0x18 src/ASF/thirdparty/freertos/freertos-7.3.0/source/list.o
                0x000806d8                vListInitialise
 .text.vListInitialiseItem
                0x000806f0        0x8 src/ASF/thirdparty/freertos/freertos-7.3.0/source/list.o
                0x000806f0                vListInitialiseItem
 .text.vListInsertEnd
                0x000806f8       0x1c src/ASF/thirdparty/freertos/freertos-7.3.0/source/list.o
                0x000806f8                vListInsertEnd
 .text.vListInsert
                0x00080714       0x44 src/ASF/thirdparty/freertos/freertos-7.3.0/source/list.o
                0x00080714                vListInsert
 .text.uxListRemove
                0x00080758       0x28 src/ASF/thirdparty/freertos/freertos-7.3.0/source/list.o
                0x00080758                uxListRemove
 .text.prvPortStartFirstTask
                0x00080780       0x14 src/ASF/thirdparty/freertos/freertos-7.3.0/source/portable/gcc/sam/port.o
 .text.pxPortInitialiseStack
                0x00080794       0x1c src/ASF/thirdparty/freertos/freertos-7.3.0/source/portable/gcc/sam/port.o
                0x00080794                pxPortInitialiseStack
 .text.SVC_Handler
                0x000807b0       0x20 src/ASF/thirdparty/freertos/freertos-7.3.0/source/portable/gcc/sam/port.o
                0x000807b0                SVC_Handler
 .text.vPortYieldFromISR
                0x000807d0       0x10 src/ASF/thirdparty/freertos/freertos-7.3.0/source/portable/gcc/sam/port.o
                0x000807d0                vPortYieldFromISR
 .text.ulPortSetInterruptMask
                0x000807e0       0x10 src/ASF/thirdparty/freertos/freertos-7.3.0/source/portable/gcc/sam/port.o
                0x000807e0                ulPortSetInterruptMask
 .text.vPortEnterCritical
                0x000807f0       0x18 src/ASF/thirdparty/freertos/freertos-7.3.0/source/portable/gcc/sam/port.o
                0x000807f0                vPortEnterCritical
 .text.vPortClearInterruptMask
                0x00080808        0x8 src/ASF/thirdparty/freertos/freertos-7.3.0/source/portable/gcc/sam/port.o
                0x00080808                vPortClearInterruptMask
 .text.vPortExitCritical
                0x00080810       0x1c src/ASF/thirdparty/freertos/freertos-7.3.0/source/portable/gcc/sam/port.o
                0x00080810                vPortExitCritical
 .text.PendSV_Handler
                0x0008082c       0x3c src/ASF/thirdparty/freertos/freertos-7.3.0/source/portable/gcc/sam/port.o
                0x0008082c                PendSV_Handler
 .text.SysTick_Handler
                0x00080868       0x2c src/ASF/thirdparty/freertos/freertos-7.3.0/source/portable/gcc/sam/port.o
                0x00080868                SysTick_Handler
 .text.vPortSetupTimerInterrupt
                0x00080894       0x18 src/ASF/thirdparty/freertos/freertos-7.3.0/source/portable/gcc/sam/port.o
                0x00080894                vPortSetupTimerInterrupt
 .text.xPortStartScheduler
                0x000808ac       0x38 src/ASF/thirdparty/freertos/freertos-7.3.0/source/portable/gcc/sam/port.o
                0x000808ac                xPortStartScheduler
 .text.prvInsertBlockIntoFreeList
                0x000808e4       0x58 src/ASF/thirdparty/freertos/freertos-7.3.0/source/portable/memmang/heap_4.o
 .text.pvPortMalloc
                0x0008093c       0xc4 src/ASF/thirdparty/freertos/freertos-7.3.0/source/portable/memmang/heap_4.o
                0x0008093c                pvPortMalloc
 .text.vPortFree
                0x00080a00       0x34 src/ASF/thirdparty/freertos/freertos-7.3.0/source/portable/memmang/heap_4.o
                0x00080a00                vPortFree
 .text.prvCopyDataToQueue
                0x00080a34       0x64 src/ASF/thirdparty/freertos/freertos-7.3.0/source/queue.o
 .text.prvCopyDataFromQueue
                0x00080a98       0x28 src/ASF/thirdparty/freertos/freertos-7.3.0/source/queue.o
 .text.prvUnlockQueue
                0x00080ac0       0x8c src/ASF/thirdparty/freertos/freertos-7.3.0/source/queue.o
 .text.xQueueGenericReset
                0x00080b4c       0x7c src/ASF/thirdparty/freertos/freertos-7.3.0/source/queue.o
                0x00080b4c                xQueueGenericReset
 .text.xQueueGenericCreate
                0x00080bc8       0x58 src/ASF/thirdparty/freertos/freertos-7.3.0/source/queue.o
                0x00080bc8                xQueueGenericCreate
 .text.xQueueGenericSend
                0x00080c20      0x124 src/ASF/thirdparty/freertos/freertos-7.3.0/source/queue.o
                0x00080c20                xQueueGenericSend
 .text.xQueueGenericSendFromISR
                0x00080d44       0x90 src/ASF/thirdparty/freertos/freertos-7.3.0/source/queue.o
                0x00080d44                xQueueGenericSendFromISR
 .text.xQueueGenericReceive
                0x00080dd4      0x164 src/ASF/thirdparty/freertos/freertos-7.3.0/source/queue.o
                0x00080dd4                xQueueGenericReceive
 .text.vQueueWaitForMessageRestricted
                0x00080f38       0x4c src/ASF/thirdparty/freertos/freertos-7.3.0/source/queue.o
                0x00080f38                vQueueWaitForMessageRestricted
 .text.prvAddCurrentTaskToDelayedList
                0x00080f84       0x5c src/ASF/thirdparty/freertos/freertos-7.3.0/source/tasks.o
 .text.xTaskGenericCreate
                0x00080fe0      0x208 src/ASF/thirdparty/freertos/freertos-7.3.0/source/tasks.o
                0x00080fe0                xTaskGenericCreate
 .text.vTaskStartScheduler
                0x000811e8       0x6c src/ASF/thirdparty/freertos/freertos-7.3.0/source/tasks.o
                0x000811e8                vTaskStartScheduler
 .text.vTaskSuspendAll
                0x00081254       0x10 src/ASF/thirdparty/freertos/freertos-7.3.0/source/tasks.o
                0x00081254                vTaskSuspendAll
 .text.xTaskGetTickCount
                0x00081264       0x20 src/ASF/thirdparty/freertos/freertos-7.3.0/source/tasks.o
                0x00081264                xTaskGetTickCount
 .text.vTaskIncrementTick
                0x00081284      0x12c src/ASF/thirdparty/freertos/freertos-7.3.0/source/tasks.o
                0x00081284                vTaskIncrementTick
 .text.xTaskResumeAll
                0x000813b0      0x108 src/ASF/thirdparty/freertos/freertos-7.3.0/source/tasks.o
                0x000813b0                xTaskResumeAll
 .text.vTaskDelayUntil
                0x000814b8       0x98 src/ASF/thirdparty/freertos/freertos-7.3.0/source/tasks.o
                0x000814b8                vTaskDelayUntil
 .text.prvIdleTask
                0x00081550       0x84 src/ASF/thirdparty/freertos/freertos-7.3.0/source/tasks.o
 .text.vTaskSwitchContext
                0x000815d4       0x90 src/ASF/thirdparty/freertos/freertos-7.3.0/source/tasks.o
                0x000815d4                vTaskSwitchContext
 .text.vTaskPlaceOnEventList
                0x00081664       0x64 src/ASF/thirdparty/freertos/freertos-7.3.0/source/tasks.o
                0x00081664                vTaskPlaceOnEventList
 .text.vTaskPlaceOnEventListRestricted
                0x000816c8       0x48 src/ASF/thirdparty/freertos/freertos-7.3.0/source/tasks.o
                0x000816c8                vTaskPlaceOnEventListRestricted
 .text.xTaskRemoveFromEventList
                0x00081710       0x84 src/ASF/thirdparty/freertos/freertos-7.3.0/source/tasks.o
                0x00081710                xTaskRemoveFromEventList
 .text.vTaskSetTimeOutState
                0x00081794       0x28 src/ASF/thirdparty/freertos/freertos-7.3.0/source/tasks.o
                0x00081794                vTaskSetTimeOutState
 .text.xTaskCheckForTimeOut
                0x000817bc       0x8c src/ASF/thirdparty/freertos/freertos-7.3.0/source/tasks.o
                0x000817bc                xTaskCheckForTimeOut
 .text.vTaskMissedYield
                0x00081848        0xc src/ASF/thirdparty/freertos/freertos-7.3.0/source/tasks.o
                0x00081848                vTaskMissedYield
 .text.xTaskGetCurrentTaskHandle
                0x00081854        0xc src/ASF/thirdparty/freertos/freertos-7.3.0/source/tasks.o
                0x00081854                xTaskGetCurrentTaskHandle
 .text.xTaskGetSchedulerState
                0x00081860       0x20 src/ASF/thirdparty/freertos/freertos-7.3.0/source/tasks.o
                0x00081860                xTaskGetSchedulerState
 .text.vTaskPriorityInherit
                0x00081880       0x7c src/ASF/thirdparty/freertos/freertos-7.3.0/source/tasks.o
                0x00081880                vTaskPriorityInherit
 .text.vTaskPriorityDisinherit
                0x000818fc       0x50 src/ASF/thirdparty/freertos/freertos-7.3.0/source/tasks.o
                0x000818fc                vTaskPriorityDisinherit
 .text.prvInsertTimerInActiveList
                0x0008194c       0x50 src/ASF/thirdparty/freertos/freertos-7.3.0/source/timers.o
 .text.prvCheckForValidListAndQueue
                0x0008199c       0x5c src/ASF/thirdparty/freertos/freertos-7.3.0/source/timers.o
 .text.xTimerCreateTimerTask
                0x000819f8       0x4c src/ASF/thirdparty/freertos/freertos-7.3.0/source/timers.o
                0x000819f8                xTimerCreateTimerTask
 .text.xTimerGenericCommand
                0x00081a44       0x58 src/ASF/thirdparty/freertos/freertos-7.3.0/source/timers.o
                0x00081a44                xTimerGenericCommand
 .text.prvSampleTimeNow
                0x00081a9c       0xbc src/ASF/thirdparty/freertos/freertos-7.3.0/source/timers.o
 .text.prvTimerTask
                0x00081b58      0x180 src/ASF/thirdparty/freertos/freertos-7.3.0/source/timers.o
 .text.usart_serial_getchar
                0x00081cd8       0xa8 src/ConsoleFunctions.o
 .text.usart_serial_putchar
                0x00081d80       0xa8 src/ConsoleFunctions.o
 .text.ConfigureConsole
                0x00081e28       0xa0 src/ConsoleFunctions.o
                0x00081e28                ConfigureConsole
 .text.InvalueToDistanse
                0x00081ec8       0x70 src/LookUpTableFunctions.o
                0x00081ec8                InvalueToDistanse
 .text.PWMClockConfigure
                0x00081f38       0x44 src/PWMFunctions.o
                0x00081f38                PWMClockConfigure
 .text.PWMCenterConfigure
                0x00081f7c       0x58 src/PWMFunctions.o
                0x00081f7c                PWMCenterConfigure
 .text.PWMBackConfigure
                0x00081fd4       0x58 src/PWMFunctions.o
                0x00081fd4                PWMBackConfigure
 .text.PWMTopLeftConfigure
                0x0008202c       0x54 src/PWMFunctions.o
                0x0008202c                PWMTopLeftConfigure
 .text.PWMTopRightConfigure
                0x00082080       0x54 src/PWMFunctions.o
                0x00082080                PWMTopRightConfigure
 .text.PWMLowerLeftConfigure
                0x000820d4       0x54 src/PWMFunctions.o
                0x000820d4                PWMLowerLeftConfigure
 .text.PWMLowerRightConfigure
                0x00082128       0x54 src/PWMFunctions.o
                0x00082128                PWMLowerRightConfigure
 .text.PwmConfigure
                0x0008217c       0x3c src/PWMFunctions.o
                0x0008217c                PwmConfigure
 .text.PWMSetDutyCycleTop
                0x000821b8       0x2c src/PWMFunctions.o
                0x000821b8                PWMSetDutyCycleTop
 .text.PWMSetDutyCycleLower
                0x000821e4       0x2c src/PWMFunctions.o
                0x000821e4                PWMSetDutyCycleLower
 .text.BackLeftController
                0x00082210       0xd0 src/BackControllerFunctions.o
                0x00082210                BackLeftController
 .text.BackRightController
                0x000822e0       0xe8 src/BackControllerFunctions.o
                0x000822e0                BackRightController
 .text.BackControllerEvaluator
                0x000823c8       0x4c src/BackControllerFunctions.o
                0x000823c8                BackControllerEvaluator
 .text.TaskBottomController
                0x00082414       0x68 src/BackControllerFunctions.o
                0x00082414                TaskBottomController
 .text.MoveValues
                0x0008247c       0x6c src/NavigationFunctions.o
                0x0008247c                MoveValues
 .text.CreateAverage
                0x000824e8       0x98 src/NavigationFunctions.o
                0x000824e8                CreateAverage
 .text.MakeValues
                0x00082580       0x64 src/NavigationFunctions.o
                0x00082580                MakeValues
 .text.TaskNavigation
                0x000825e4       0x50 src/NavigationFunctions.o
                0x000825e4                TaskNavigation
 *fill*         0x00082634        0x4 
 .text.FrontLeftController
                0x00082638       0xc8 src/FrontControllerFunctions.o
                0x00082638                FrontLeftController
 .text.FrontRightController
                0x00082700       0xc8 src/FrontControllerFunctions.o
                0x00082700                FrontRightController
 .text.FrontControllerEvaluator
                0x000827c8       0x50 src/FrontControllerFunctions.o
                0x000827c8                FrontControllerEvaluator
 .text.TaskFrontController
                0x00082818       0x68 src/FrontControllerFunctions.o
                0x00082818                TaskFrontController
 .text.InitSemaphores
                0x00082880       0x2c src/RTOSFunctions.o
                0x00082880                InitSemaphores
 .text.InitProcess
                0x000828ac       0xa0 src/RTOSFunctions.o
                0x000828ac                InitProcess
 .text.sysclk_init
                0x0008294c       0x64 src/ASF/common/services/clock/sam3x/sysclk.o
                0x0008294c                sysclk_init
 .text.board_init
                0x000829b0       0x70 src/ASF/sam/boards/arduino_due_x/init.o
                0x000829b0                board_init
 .text.pio_set_peripheral
                0x00082a20       0x40 src/ASF/sam/drivers/pio/pio.o
                0x00082a20                pio_set_peripheral
 .text.pio_set_input
                0x00082a60       0x34 src/ASF/sam/drivers/pio/pio.o
                0x00082a60                pio_set_input
 .text.pio_set_output
                0x00082a94       0x28 src/ASF/sam/drivers/pio/pio.o
                0x00082a94                pio_set_output
 .text.pio_get_interrupt_status
                0x00082abc        0x4 src/ASF/sam/drivers/pio/pio.o
                0x00082abc                pio_get_interrupt_status
 .text.pio_get_interrupt_mask
                0x00082ac0        0x4 src/ASF/sam/drivers/pio/pio.o
                0x00082ac0                pio_get_interrupt_mask
 .text.pio_configure_pin
                0x00082ac4       0xd4 src/ASF/sam/drivers/pio/pio.o
                0x00082ac4                pio_configure_pin
 .text.pio_configure_pin_group
                0x00082b98       0xa0 src/ASF/sam/drivers/pio/pio.o
                0x00082b98                pio_configure_pin_group
 .text.pio_handler_process
                0x00082c38       0x58 src/ASF/sam/drivers/pio/pio_handler.o
                0x00082c38                pio_handler_process
 .text.PIOA_Handler
                0x00082c90       0x14 src/ASF/sam/drivers/pio/pio_handler.o
                0x00082c90                PIOA_Handler
 .text.PIOB_Handler
                0x00082ca4       0x14 src/ASF/sam/drivers/pio/pio_handler.o
                0x00082ca4                PIOB_Handler
 .text.PIOC_Handler
                0x00082cb8       0x14 src/ASF/sam/drivers/pio/pio_handler.o
                0x00082cb8                PIOC_Handler
 .text.PIOD_Handler
                0x00082ccc       0x14 src/ASF/sam/drivers/pio/pio_handler.o
                0x00082ccc                PIOD_Handler
 .text.pmc_switch_mck_to_pllack
                0x00082ce0       0x64 src/ASF/sam/drivers/pmc/pmc.o
                0x00082ce0                pmc_switch_mck_to_pllack
 .text.pmc_switch_mainck_to_xtal
                0x00082d44       0x54 src/ASF/sam/drivers/pmc/pmc.o
                0x00082d44                pmc_switch_mainck_to_xtal
 .text.pmc_osc_is_ready_mainck
                0x00082d98       0x10 src/ASF/sam/drivers/pmc/pmc.o
                0x00082d98                pmc_osc_is_ready_mainck
 .text.pmc_disable_pllack
                0x00082da8       0x10 src/ASF/sam/drivers/pmc/pmc.o
                0x00082da8                pmc_disable_pllack
 .text.pmc_is_locked_pllack
                0x00082db8       0x10 src/ASF/sam/drivers/pmc/pmc.o
                0x00082db8                pmc_is_locked_pllack
 .text.pmc_enable_periph_clk
                0x00082dc8       0x58 src/ASF/sam/drivers/pmc/pmc.o
                0x00082dc8                pmc_enable_periph_clk
 .text.Dummy_Handler
                0x00082e20        0x4 src/ASF/sam/utils/cmsis/sam3x/source/templates/exceptions.o
                0x00082e20                DACC_Handler
                0x00082e20                DebugMon_Handler
                0x00082e20                DMAC_Handler
                0x00082e20                TRNG_Handler
                0x00082e20                HardFault_Handler
                0x00082e20                TC2_Handler
                0x00082e20                USART3_Handler
                0x00082e20                TWI1_Handler
                0x00082e20                NMI_Handler
                0x00082e20                TC7_Handler
                0x00082e20                ADC_Handler
                0x00082e20                SMC_Handler
                0x00082e20                USART0_Handler
                0x00082e20                RTT_Handler
                0x00082e20                EFC1_Handler
                0x00082e20                RTC_Handler
                0x00082e20                UsageFault_Handler
                0x00082e20                TC6_Handler
                0x00082e20                WDT_Handler
                0x00082e20                CAN0_Handler
                0x00082e20                TC4_Handler
                0x00082e20                TC1_Handler
                0x00082e20                HSMCI_Handler
                0x00082e20                TC3_Handler
                0x00082e20                Dummy_Handler
                0x00082e20                TWI0_Handler
                0x00082e20                USART1_Handler
                0x00082e20                SSC_Handler
                0x00082e20                EFC0_Handler
                0x00082e20                PMC_Handler
                0x00082e20                PWM_Handler
                0x00082e20                CAN1_Handler
                0x00082e20                MemManage_Handler
                0x00082e20                SUPC_Handler
                0x00082e20                TC8_Handler
                0x00082e20                USART2_Handler
                0x00082e20                EMAC_Handler
                0x00082e20                UART_Handler
                0x00082e20                BusFault_Handler
                0x00082e20                RSTC_Handler
                0x00082e20                TC0_Handler
                0x00082e20                TC5_Handler
                0x00082e20                UOTGHS_Handler
                0x00082e20                SPI0_Handler
 .text.Reset_Handler
                0x00082e24       0xb0 src/ASF/sam/utils/cmsis/sam3x/source/templates/gcc/startup_sam3x.o
                0x00082e24                Reset_Handler
 .text.SystemCoreClockUpdate
                0x00082ed4      0x11c src/ASF/sam/utils/cmsis/sam3x/source/templates/system_sam3x.o
                0x00082ed4                SystemCoreClockUpdate
 .text._sbrk    0x00082ff0       0x34 src/ASF/sam/utils/syscalls/gcc/syscalls.o
                0x00082ff0                _sbrk
 .text._close   0x00083024        0x8 src/ASF/sam/utils/syscalls/gcc/syscalls.o
                0x00083024                _close
 .text._fstat   0x0008302c        0xc src/ASF/sam/utils/syscalls/gcc/syscalls.o
                0x0008302c                _fstat
 .text._isatty  0x00083038        0x4 src/ASF/sam/utils/syscalls/gcc/syscalls.o
                0x00083038                _isatty
 .text._lseek   0x0008303c        0x4 src/ASF/sam/utils/syscalls/gcc/syscalls.o
                0x0008303c                _lseek
 .text.main     0x00083040       0x40 src/main.o
                0x00083040                main
 .text          0x00083080      0x370 c:/program files (x86)/atmel/atmel toolchain/arm gcc/native/4.8.1437/arm-gnu-toolchain/bin/../lib/gcc/arm-none-eabi/4.8.4/armv7-m\libgcc.a(_arm_addsubdf3.o)
                0x00083080                __aeabi_drsub
                0x00083088                __aeabi_dsub
                0x00083088                __subdf3
                0x0008308c                __aeabi_dadd
                0x0008308c                __adddf3
                0x00083304                __floatunsidf
                0x00083304                __aeabi_ui2d
                0x00083324                __floatsidf
                0x00083324                __aeabi_i2d
                0x00083348                __aeabi_f2d
                0x00083348                __extendsfdf2
                0x00083384                __floatundidf
                0x00083384                __aeabi_ul2d
                0x00083394                __floatdidf
                0x00083394                __aeabi_l2d
 .text          0x000833f0      0x424 c:/program files (x86)/atmel/atmel toolchain/arm gcc/native/4.8.1437/arm-gnu-toolchain/bin/../lib/gcc/arm-none-eabi/4.8.4/armv7-m\libgcc.a(_arm_muldivdf3.o)
                0x000833f0                __aeabi_dmul
                0x000833f0                __muldf3
                0x00083644                __divdf3
                0x00083644                __aeabi_ddiv
 .text          0x00083814       0x50 c:/program files (x86)/atmel/atmel toolchain/arm gcc/native/4.8.1437/arm-gnu-toolchain/bin/../lib/gcc/arm-none-eabi/4.8.4/armv7-m\libgcc.a(_arm_fixdfsi.o)
                0x00083814                __aeabi_d2iz
                0x00083814                __fixdfsi
 .text          0x00083864       0x40 c:/program files (x86)/atmel/atmel toolchain/arm gcc/native/4.8.1437/arm-gnu-toolchain/bin/../lib/gcc/arm-none-eabi/4.8.4/armv7-m\libgcc.a(_arm_fixunsdfsi.o)
                0x00083864                __aeabi_d2uiz
                0x00083864                __fixunsdfsi
 .text.__libc_init_array
                0x000838a4       0x50 c:/program files (x86)/atmel/atmel toolchain/arm gcc/native/4.8.1437/arm-gnu-toolchain/bin/../lib/gcc/arm-none-eabi/4.8.4/../../../../arm-none-eabi/lib/armv7-m\libc.a(lib_a-init.o)
                0x000838a4                __libc_init_array
 .text.iprintf  0x000838f4       0x28 c:/program files (x86)/atmel/atmel toolchain/arm gcc/native/4.8.1437/arm-gnu-toolchain/bin/../lib/gcc/arm-none-eabi/4.8.4/../../../../arm-none-eabi/lib/armv7-m\libc.a(lib_a-iprintf.o)
                0x000838f4                iprintf
 .text          0x0008391c       0xec c:/program files (x86)/atmel/atmel toolchain/arm gcc/native/4.8.1437/arm-gnu-toolchain/bin/../lib/gcc/arm-none-eabi/4.8.4/../../../../arm-none-eabi/lib/armv7-m\libc.a(lib_a-memcpy.o)
                0x0008391c                memcpy
 .text.memset   0x00083a08       0x94 c:/program files (x86)/atmel/atmel toolchain/arm gcc/native/4.8.1437/arm-gnu-toolchain/bin/../lib/gcc/arm-none-eabi/4.8.4/../../../../arm-none-eabi/lib/armv7-m\libc.a(lib_a-memset.o)
                0x00083a08                memset
 .text.setbuf   0x00083a9c       0x10 c:/program files (x86)/atmel/atmel toolchain/arm gcc/native/4.8.1437/arm-gnu-toolchain/bin/../lib/gcc/arm-none-eabi/4.8.4/../../../../arm-none-eabi/lib/armv7-m\libc.a(lib_a-setbuf.o)
                0x00083a9c                setbuf
 .text.setvbuf  0x00083aac      0x100 c:/program files (x86)/atmel/atmel toolchain/arm gcc/native/4.8.1437/arm-gnu-toolchain/bin/../lib/gcc/arm-none-eabi/4.8.4/../../../../arm-none-eabi/lib/armv7-m\libc.a(lib_a-setvbuf.o)
                0x00083aac                setvbuf
 .text.strlen   0x00083bac       0x60 c:/program files (x86)/atmel/atmel toolchain/arm gcc/native/4.8.1437/arm-gnu-toolchain/bin/../lib/gcc/arm-none-eabi/4.8.4/../../../../arm-none-eabi/lib/armv7-m\libc.a(lib_a-strlen.o)
                0x00083bac                strlen
 .text.strncpy  0x00083c0c       0x64 c:/program files (x86)/atmel/atmel toolchain/arm gcc/native/4.8.1437/arm-gnu-toolchain/bin/../lib/gcc/arm-none-eabi/4.8.4/../../../../arm-none-eabi/lib/armv7-m\libc.a(lib_a-strncpy.o)
                0x00083c0c                strncpy
 .text.__sprint_r.part.0
                0x00083c70       0x78 c:/program files (x86)/atmel/atmel toolchain/arm gcc/native/4.8.1437/arm-gnu-toolchain/bin/../lib/gcc/arm-none-eabi/4.8.4/../../../../arm-none-eabi/lib/armv7-m\libc.a(lib_a-vfiprintf.o)
 .text._vfiprintf_r
                0x00083ce8      0xc54 c:/program files (x86)/atmel/atmel toolchain/arm gcc/native/4.8.1437/arm-gnu-toolchain/bin/../lib/gcc/arm-none-eabi/4.8.4/../../../../arm-none-eabi/lib/armv7-m\libc.a(lib_a-vfiprintf.o)
                0x00083ce8                _vfiprintf_r
 .text.__sbprintf
                0x0008493c       0x7c c:/program files (x86)/atmel/atmel toolchain/arm gcc/native/4.8.1437/arm-gnu-toolchain/bin/../lib/gcc/arm-none-eabi/4.8.4/../../../../arm-none-eabi/lib/armv7-m\libc.a(lib_a-vfiprintf.o)
 .text.__swsetup_r
                0x000849b8       0xc4 c:/program files (x86)/atmel/atmel toolchain/arm gcc/native/4.8.1437/arm-gnu-toolchain/bin/../lib/gcc/arm-none-eabi/4.8.4/../../../../arm-none-eabi/lib/armv7-m\libc.a(lib_a-wsetup.o)
                0x000849b8                __swsetup_r
 .text.startup.register_fini
                0x00084a7c       0x14 c:/program files (x86)/atmel/atmel toolchain/arm gcc/native/4.8.1437/arm-gnu-toolchain/bin/../lib/gcc/arm-none-eabi/4.8.4/../../../../arm-none-eabi/lib/armv7-m\libc.a(lib_a-__call_atexit.o)
 .text.atexit   0x00084a90        0xc c:/program files (x86)/atmel/atmel toolchain/arm gcc/native/4.8.1437/arm-gnu-toolchain/bin/../lib/gcc/arm-none-eabi/4.8.4/../../../../arm-none-eabi/lib/armv7-m\libc.a(lib_a-atexit.o)
                0x00084a90                atexit
 .text.__sflush_r
                0x00084a9c      0x148 c:/program files (x86)/atmel/atmel toolchain/arm gcc/native/4.8.1437/arm-gnu-toolchain/bin/../lib/gcc/arm-none-eabi/4.8.4/../../../../arm-none-eabi/lib/armv7-m\libc.a(lib_a-fflush.o)
                0x00084a9c                __sflush_r
 .text._fflush_r
                0x00084be4       0x2c c:/program files (x86)/atmel/atmel toolchain/arm gcc/native/4.8.1437/arm-gnu-toolchain/bin/../lib/gcc/arm-none-eabi/4.8.4/../../../../arm-none-eabi/lib/armv7-m\libc.a(lib_a-fflush.o)
                0x00084be4                _fflush_r
 .text._cleanup_r
                0x00084c10        0xc c:/program files (x86)/atmel/atmel toolchain/arm gcc/native/4.8.1437/arm-gnu-toolchain/bin/../lib/gcc/arm-none-eabi/4.8.4/../../../../arm-none-eabi/lib/armv7-m\libc.a(lib_a-findfp.o)
                0x00084c10                _cleanup_r
 .text.__sinit  0x00084c1c       0xf4 c:/program files (x86)/atmel/atmel toolchain/arm gcc/native/4.8.1437/arm-gnu-toolchain/bin/../lib/gcc/arm-none-eabi/4.8.4/../../../../arm-none-eabi/lib/armv7-m\libc.a(lib_a-findfp.o)
                0x00084c1c                __sinit
 .text.__sfp_lock_acquire
                0x00084d10        0x4 c:/program files (x86)/atmel/atmel toolchain/arm gcc/native/4.8.1437/arm-gnu-toolchain/bin/../lib/gcc/arm-none-eabi/4.8.4/../../../../arm-none-eabi/lib/armv7-m\libc.a(lib_a-findfp.o)
                0x00084d10                __sfp_lock_acquire
 .text.__sfp_lock_release
                0x00084d14        0x4 c:/program files (x86)/atmel/atmel toolchain/arm gcc/native/4.8.1437/arm-gnu-toolchain/bin/../lib/gcc/arm-none-eabi/4.8.4/../../../../arm-none-eabi/lib/armv7-m\libc.a(lib_a-findfp.o)
                0x00084d14                __sfp_lock_release
 .text.__libc_fini_array
                0x00084d18       0x30 c:/program files (x86)/atmel/atmel toolchain/arm gcc/native/4.8.1437/arm-gnu-toolchain/bin/../lib/gcc/arm-none-eabi/4.8.4/../../../../arm-none-eabi/lib/armv7-m\libc.a(lib_a-fini.o)
                0x00084d18                __libc_fini_array
 .text._fputwc_r
                0x00084d48       0xc0 c:/program files (x86)/atmel/atmel toolchain/arm gcc/native/4.8.1437/arm-gnu-toolchain/bin/../lib/gcc/arm-none-eabi/4.8.4/../../../../arm-none-eabi/lib/armv7-m\libc.a(lib_a-fputwc.o)
                0x00084d48                _fputwc_r
 .text._malloc_trim_r
                0x00084e08       0x9c c:/program files (x86)/atmel/atmel toolchain/arm gcc/native/4.8.1437/arm-gnu-toolchain/bin/../lib/gcc/arm-none-eabi/4.8.4/../../../../arm-none-eabi/lib/armv7-m\libc.a(lib_a-freer.o)
                0x00084e08                _malloc_trim_r
 .text._free_r  0x00084ea4      0x198 c:/program files (x86)/atmel/atmel toolchain/arm gcc/native/4.8.1437/arm-gnu-toolchain/bin/../lib/gcc/arm-none-eabi/4.8.4/../../../../arm-none-eabi/lib/armv7-m\libc.a(lib_a-freer.o)
                0x00084ea4                _free_r
 .text.__sfvwrite_r
                0x0008503c      0x318 c:/program files (x86)/atmel/atmel toolchain/arm gcc/native/4.8.1437/arm-gnu-toolchain/bin/../lib/gcc/arm-none-eabi/4.8.4/../../../../arm-none-eabi/lib/armv7-m\libc.a(lib_a-fvwrite.o)
                0x0008503c                __sfvwrite_r
 .text._fwalk   0x00085354       0x48 c:/program files (x86)/atmel/atmel toolchain/arm gcc/native/4.8.1437/arm-gnu-toolchain/bin/../lib/gcc/arm-none-eabi/4.8.4/../../../../arm-none-eabi/lib/armv7-m\libc.a(lib_a-fwalk.o)
                0x00085354                _fwalk
 .text.__locale_charset
                0x0008539c        0x8 c:/program files (x86)/atmel/atmel toolchain/arm gcc/native/4.8.1437/arm-gnu-toolchain/bin/../lib/gcc/arm-none-eabi/4.8.4/../../../../arm-none-eabi/lib/armv7-m\libc.a(lib_a-locale.o)
                0x0008539c                __locale_charset
 .text.__locale_mb_cur_max
                0x000853a4        0xc c:/program files (x86)/atmel/atmel toolchain/arm gcc/native/4.8.1437/arm-gnu-toolchain/bin/../lib/gcc/arm-none-eabi/4.8.4/../../../../arm-none-eabi/lib/armv7-m\libc.a(lib_a-locale.o)
                0x000853a4                __locale_mb_cur_max
 .text.__smakebuf_r
                0x000853b0       0xe0 c:/program files (x86)/atmel/atmel toolchain/arm gcc/native/4.8.1437/arm-gnu-toolchain/bin/../lib/gcc/arm-none-eabi/4.8.4/../../../../arm-none-eabi/lib/armv7-m\libc.a(lib_a-makebuf.o)
                0x000853b0                __smakebuf_r
 .text.malloc   0x00085490       0x10 c:/program files (x86)/atmel/atmel toolchain/arm gcc/native/4.8.1437/arm-gnu-toolchain/bin/../lib/gcc/arm-none-eabi/4.8.4/../../../../arm-none-eabi/lib/armv7-m\libc.a(lib_a-malloc.o)
                0x00085490                malloc
 .text._malloc_r
                0x000854a0      0x538 c:/program files (x86)/atmel/atmel toolchain/arm gcc/native/4.8.1437/arm-gnu-toolchain/bin/../lib/gcc/arm-none-eabi/4.8.4/../../../../arm-none-eabi/lib/armv7-m\libc.a(lib_a-mallocr.o)
                0x000854a0                _malloc_r
 .text.memchr   0x000859d8       0x94 c:/program files (x86)/atmel/atmel toolchain/arm gcc/native/4.8.1437/arm-gnu-toolchain/bin/../lib/gcc/arm-none-eabi/4.8.4/../../../../arm-none-eabi/lib/armv7-m\libc.a(lib_a-memchr-stub.o)
                0x000859d8                memchr
 .text.memmove  0x00085a6c       0xcc c:/program files (x86)/atmel/atmel toolchain/arm gcc/native/4.8.1437/arm-gnu-toolchain/bin/../lib/gcc/arm-none-eabi/4.8.4/../../../../arm-none-eabi/lib/armv7-m\libc.a(lib_a-memmove.o)
                0x00085a6c                memmove
 .text.__malloc_lock
                0x00085b38        0x4 c:/program files (x86)/atmel/atmel toolchain/arm gcc/native/4.8.1437/arm-gnu-toolchain/bin/../lib/gcc/arm-none-eabi/4.8.4/../../../../arm-none-eabi/lib/armv7-m\libc.a(lib_a-mlock.o)
                0x00085b38                __malloc_lock
 .text.__malloc_unlock
                0x00085b3c        0x4 c:/program files (x86)/atmel/atmel toolchain/arm gcc/native/4.8.1437/arm-gnu-toolchain/bin/../lib/gcc/arm-none-eabi/4.8.4/../../../../arm-none-eabi/lib/armv7-m\libc.a(lib_a-mlock.o)
                0x00085b3c                __malloc_unlock
 .text._realloc_r
                0x00085b40      0x3c0 c:/program files (x86)/atmel/atmel toolchain/arm gcc/native/4.8.1437/arm-gnu-toolchain/bin/../lib/gcc/arm-none-eabi/4.8.4/../../../../arm-none-eabi/lib/armv7-m\libc.a(lib_a-reallocr.o)
                0x00085b40                _realloc_r
 .text._sbrk_r  0x00085f00       0x24 c:/program files (x86)/atmel/atmel toolchain/arm gcc/native/4.8.1437/arm-gnu-toolchain/bin/../lib/gcc/arm-none-eabi/4.8.4/../../../../arm-none-eabi/lib/armv7-m\libc.a(lib_a-sbrkr.o)
                0x00085f00                _sbrk_r
 .text.__sread  0x00085f24       0x24 c:/program files (x86)/atmel/atmel toolchain/arm gcc/native/4.8.1437/arm-gnu-toolchain/bin/../lib/gcc/arm-none-eabi/4.8.4/../../../../arm-none-eabi/lib/armv7-m\libc.a(lib_a-stdio.o)
                0x00085f24                __sread
 .text.__swrite
                0x00085f48       0x38 c:/program files (x86)/atmel/atmel toolchain/arm gcc/native/4.8.1437/arm-gnu-toolchain/bin/../lib/gcc/arm-none-eabi/4.8.4/../../../../arm-none-eabi/lib/armv7-m\libc.a(lib_a-stdio.o)
                0x00085f48                __swrite
 .text.__sseek  0x00085f80       0x20 c:/program files (x86)/atmel/atmel toolchain/arm gcc/native/4.8.1437/arm-gnu-toolchain/bin/../lib/gcc/arm-none-eabi/4.8.4/../../../../arm-none-eabi/lib/armv7-m\libc.a(lib_a-stdio.o)
                0x00085f80                __sseek
 .text.__sclose
                0x00085fa0        0x8 c:/program files (x86)/atmel/atmel toolchain/arm gcc/native/4.8.1437/arm-gnu-toolchain/bin/../lib/gcc/arm-none-eabi/4.8.4/../../../../arm-none-eabi/lib/armv7-m\libc.a(lib_a-stdio.o)
                0x00085fa0                __sclose
 .text.__swbuf_r
                0x00085fa8       0xa8 c:/program files (x86)/atmel/atmel toolchain/arm gcc/native/4.8.1437/arm-gnu-toolchain/bin/../lib/gcc/arm-none-eabi/4.8.4/../../../../arm-none-eabi/lib/armv7-m\libc.a(lib_a-wbuf.o)
                0x00085fa8                __swbuf_r
 .text._wcrtomb_r
                0x00086050       0x50 c:/program files (x86)/atmel/atmel toolchain/arm gcc/native/4.8.1437/arm-gnu-toolchain/bin/../lib/gcc/arm-none-eabi/4.8.4/../../../../arm-none-eabi/lib/armv7-m\libc.a(lib_a-wcrtomb.o)
                0x00086050                _wcrtomb_r
 .text.__ascii_wctomb
                0x000860a0       0x1c c:/program files (x86)/atmel/atmel toolchain/arm gcc/native/4.8.1437/arm-gnu-toolchain/bin/../lib/gcc/arm-none-eabi/4.8.4/../../../../arm-none-eabi/lib/armv7-m\libc.a(lib_a-wctomb_r.o)
                0x000860a0                __ascii_wctomb
 .text._write_r
                0x000860bc       0x28 c:/program files (x86)/atmel/atmel toolchain/arm gcc/native/4.8.1437/arm-gnu-toolchain/bin/../lib/gcc/arm-none-eabi/4.8.4/../../../../arm-none-eabi/lib/armv7-m\libc.a(lib_a-writer.o)
                0x000860bc                _write_r
 .text.__register_exitproc
                0x000860e4       0xa8 c:/program files (x86)/atmel/atmel toolchain/arm gcc/native/4.8.1437/arm-gnu-toolchain/bin/../lib/gcc/arm-none-eabi/4.8.4/../../../../arm-none-eabi/lib/armv7-m\libc.a(lib_a-__atexit.o)
                0x000860e4                __register_exitproc
 .text._close_r
                0x0008618c       0x24 c:/program files (x86)/atmel/atmel toolchain/arm gcc/native/4.8.1437/arm-gnu-toolchain/bin/../lib/gcc/arm-none-eabi/4.8.4/../../../../arm-none-eabi/lib/armv7-m\libc.a(lib_a-closer.o)
                0x0008618c                _close_r
 .text._fclose_r
                0x000861b0       0x80 c:/program files (x86)/atmel/atmel toolchain/arm gcc/native/4.8.1437/arm-gnu-toolchain/bin/../lib/gcc/arm-none-eabi/4.8.4/../../../../arm-none-eabi/lib/armv7-m\libc.a(lib_a-fclose.o)
                0x000861b0                _fclose_r
 .text.fclose   0x00086230       0x10 c:/program files (x86)/atmel/atmel toolchain/arm gcc/native/4.8.1437/arm-gnu-toolchain/bin/../lib/gcc/arm-none-eabi/4.8.4/../../../../arm-none-eabi/lib/armv7-m\libc.a(lib_a-fclose.o)
                0x00086230                fclose
 .text._fstat_r
                0x00086240       0x28 c:/program files (x86)/atmel/atmel toolchain/arm gcc/native/4.8.1437/arm-gnu-toolchain/bin/../lib/gcc/arm-none-eabi/4.8.4/../../../../arm-none-eabi/lib/armv7-m\libc.a(lib_a-fstatr.o)
                0x00086240                _fstat_r
 .text._isatty_r
                0x00086268       0x24 c:/program files (x86)/atmel/atmel toolchain/arm gcc/native/4.8.1437/arm-gnu-toolchain/bin/../lib/gcc/arm-none-eabi/4.8.4/../../../../arm-none-eabi/lib/armv7-m\libc.a(lib_a-isattyr.o)
                0x00086268                _isatty_r
 .text._lseek_r
                0x0008628c       0x28 c:/program files (x86)/atmel/atmel toolchain/arm gcc/native/4.8.1437/arm-gnu-toolchain/bin/../lib/gcc/arm-none-eabi/4.8.4/../../../../arm-none-eabi/lib/armv7-m\libc.a(lib_a-lseekr.o)
                0x0008628c                _lseek_r
 .text._read_r  0x000862b4       0x28 c:/program files (x86)/atmel/atmel toolchain/arm gcc/native/4.8.1437/arm-gnu-toolchain/bin/../lib/gcc/arm-none-eabi/4.8.4/../../../../arm-none-eabi/lib/armv7-m\libc.a(lib_a-readr.o)
                0x000862b4                _read_r
 .text          0x000862dc       0x2c c:/program files (x86)/atmel/atmel toolchain/arm gcc/native/4.8.1437/arm-gnu-toolchain/bin/../lib/gcc/arm-none-eabi/4.8.4/armv7-m\libgcc.a(_aeabi_uldivmod.o)
                0x000862dc                __aeabi_uldivmod
 .text          0x00086308       0x60 c:/program files (x86)/atmel/atmel toolchain/arm gcc/native/4.8.1437/arm-gnu-toolchain/bin/../lib/gcc/arm-none-eabi/4.8.4/armv7-m\libgcc.a(bpabi.o)
                0x00086308                __gnu_ldivmod_helper
                0x00086338                __gnu_uldivmod_helper
 .text          0x00086368        0x4 c:/program files (x86)/atmel/atmel toolchain/arm gcc/native/4.8.1437/arm-gnu-toolchain/bin/../lib/gcc/arm-none-eabi/4.8.4/armv7-m\libgcc.a(_dvmd_tls.o)
                0x00086368                __aeabi_idiv0
                0x00086368                __aeabi_ldiv0
 .text          0x0008636c      0x2a0 c:/program files (x86)/atmel/atmel toolchain/arm gcc/native/4.8.1437/arm-gnu-toolchain/bin/../lib/gcc/arm-none-eabi/4.8.4/armv7-m\libgcc.a(_divdi3.o)
                0x0008636c                __divdi3
 .text          0x0008660c      0x290 c:/program files (x86)/atmel/atmel toolchain/arm gcc/native/4.8.1437/arm-gnu-toolchain/bin/../lib/gcc/arm-none-eabi/4.8.4/armv7-m\libgcc.a(_udivdi3.o)
                0x0008660c                __udivdi3
 *(.glue_7t)
 .glue_7t       0x00000000        0x0 linker stubs
 *(.glue_7)
 .glue_7        0x00000000        0x0 linker stubs
 *(.rodata .rodata* .gnu.linkonce.r.*)
 .rodata        0x0008689c       0x2c src/ASF/sam/drivers/pwm/pwm.o
 .rodata.str1.4
                0x000868c8       0x1f src/ASF/thirdparty/freertos/freertos-7.3.0/source/tasks.o
                                 0x20 (size before relaxing)
 *fill*         0x000868e7        0x1 
 .rodata.str1.4
                0x000868e8        0x8 src/ASF/thirdparty/freertos/freertos-7.3.0/source/timers.o
 .rodata.Distans
                0x000868f0       0x64 src/LookUpTableFunctions.o
 .rodata.LockUpTable
                0x00086954      0x190 src/LookUpTableFunctions.o
 .rodata        0x00086ae4        0xc src/PWMFunctions.o
 .rodata.str1.4
                0x00086af0       0x84 src/RTOSFunctions.o
 .rodata.str1.4
                0x00086b74        0x2 c:/program files (x86)/atmel/atmel toolchain/arm gcc/native/4.8.1437/arm-gnu-toolchain/bin/../lib/gcc/arm-none-eabi/4.8.4/../../../../arm-none-eabi/lib/armv7-m\libc.a(lib_a-impure.o)
                                  0x4 (size before relaxing)
 *fill*         0x00086b76        0x2 
 .rodata._global_impure_ptr
                0x00086b78        0x4 c:/program files (x86)/atmel/atmel toolchain/arm gcc/native/4.8.1437/arm-gnu-toolchain/bin/../lib/gcc/arm-none-eabi/4.8.4/../../../../arm-none-eabi/lib/armv7-m\libc.a(lib_a-impure.o)
                0x00086b78                _global_impure_ptr
 .rodata.str1.4
                0x00086b7c       0x30 c:/program files (x86)/atmel/atmel toolchain/arm gcc/native/4.8.1437/arm-gnu-toolchain/bin/../lib/gcc/arm-none-eabi/4.8.4/../../../../arm-none-eabi/lib/armv7-m\libc.a(lib_a-vfiprintf.o)
 .rodata.zeroes.6721
                0x00086bac       0x10 c:/program files (x86)/atmel/atmel toolchain/arm gcc/native/4.8.1437/arm-gnu-toolchain/bin/../lib/gcc/arm-none-eabi/4.8.4/../../../../arm-none-eabi/lib/armv7-m\libc.a(lib_a-vfiprintf.o)
 .rodata.blanks.6720
                0x00086bbc       0x10 c:/program files (x86)/atmel/atmel toolchain/arm gcc/native/4.8.1437/arm-gnu-toolchain/bin/../lib/gcc/arm-none-eabi/4.8.4/../../../../arm-none-eabi/lib/armv7-m\libc.a(lib_a-vfiprintf.o)
 *(.ARM.extab* .gnu.linkonce.armextab.*)
                0x00086bcc                . = ALIGN (0x4)
 *(.init)
 .init          0x00086bcc        0x4 c:/program files (x86)/atmel/atmel toolchain/arm gcc/native/4.8.1437/arm-gnu-toolchain/bin/../lib/gcc/arm-none-eabi/4.8.4/armv7-m/crti.o
                0x00086bcc                _init
 .init          0x00086bd0        0x8 c:/program files (x86)/atmel/atmel toolchain/arm gcc/native/4.8.1437/arm-gnu-toolchain/bin/../lib/gcc/arm-none-eabi/4.8.4/armv7-m/crtn.o
                0x00086bd8                . = ALIGN (0x4)
                0x00086bd8                __preinit_array_start = .
 *(.preinit_array)
                0x00086bd8                __preinit_array_end = .
                0x00086bd8                . = ALIGN (0x4)
                0x00086bd8                __init_array_start = .
 *(SORT(.init_array.*))
 .init_array.00000
                0x00086bd8        0x4 c:/program files (x86)/atmel/atmel toolchain/arm gcc/native/4.8.1437/arm-gnu-toolchain/bin/../lib/gcc/arm-none-eabi/4.8.4/../../../../arm-none-eabi/lib/armv7-m\libc.a(lib_a-__call_atexit.o)
 *(.init_array)
 .init_array    0x00086bdc        0x4 c:/program files (x86)/atmel/atmel toolchain/arm gcc/native/4.8.1437/arm-gnu-toolchain/bin/../lib/gcc/arm-none-eabi/4.8.4/armv7-m/crtbegin.o
                0x00086be0                __init_array_end = .
                0x00086be0                . = ALIGN (0x4)
 *crtbegin.o(.ctors)
 *(EXCLUDE_FILE(*crtend.o) .ctors)
 *(SORT(.ctors.*))
 *crtend.o(.ctors)
                0x00086be0                . = ALIGN (0x4)
 *(.fini)
 .fini          0x00086be0        0x4 c:/program files (x86)/atmel/atmel toolchain/arm gcc/native/4.8.1437/arm-gnu-toolchain/bin/../lib/gcc/arm-none-eabi/4.8.4/armv7-m/crti.o
                0x00086be0                _fini
 .fini          0x00086be4        0x8 c:/program files (x86)/atmel/atmel toolchain/arm gcc/native/4.8.1437/arm-gnu-toolchain/bin/../lib/gcc/arm-none-eabi/4.8.4/armv7-m/crtn.o
                0x00086bec                . = ALIGN (0x4)
                0x00086bec                __fini_array_start = .
 *(.fini_array)
 .fini_array    0x00086bec        0x4 c:/program files (x86)/atmel/atmel toolchain/arm gcc/native/4.8.1437/arm-gnu-toolchain/bin/../lib/gcc/arm-none-eabi/4.8.4/armv7-m/crtbegin.o
 *(SORT(.fini_array.*))
                0x00086bf0                __fini_array_end = .
 *crtbegin.o(.dtors)
 *(EXCLUDE_FILE(*crtend.o) .dtors)
 *(SORT(.dtors.*))
 *crtend.o(.dtors)
                0x00086bf0                . = ALIGN (0x4)
                0x00086bf0                _efixed = .
                0x00086bf0                PROVIDE (__exidx_start, .)

.vfp11_veneer   0x00086bf0        0x0
 .vfp11_veneer  0x00000000        0x0 linker stubs

.v4_bx          0x00086bf0        0x0
 .v4_bx         0x00000000        0x0 linker stubs

.iplt           0x00086bf0        0x0
 .iplt          0x00000000        0x0 c:/program files (x86)/atmel/atmel toolchain/arm gcc/native/4.8.1437/arm-gnu-toolchain/bin/../lib/gcc/arm-none-eabi/4.8.4/armv7-m/crtbegin.o

.ARM.exidx      0x00086bf0        0x8
 *(.ARM.exidx* .gnu.linkonce.armexidx.*)
 .ARM.exidx     0x00086bf0        0x8 c:/program files (x86)/atmel/atmel toolchain/arm gcc/native/4.8.1437/arm-gnu-toolchain/bin/../lib/gcc/arm-none-eabi/4.8.4/armv7-m\libgcc.a(_divdi3.o)
 .ARM.exidx     0x00086bf8        0x0 c:/program files (x86)/atmel/atmel toolchain/arm gcc/native/4.8.1437/arm-gnu-toolchain/bin/../lib/gcc/arm-none-eabi/4.8.4/armv7-m\libgcc.a(_udivdi3.o)
                                  0x8 (size before relaxing)
                0x00086bf8                PROVIDE (__exidx_end, .)

.eh_frame       0x00086bf8        0x0
 .eh_frame      0x00086bf8        0x0 c:/program files (x86)/atmel/atmel toolchain/arm gcc/native/4.8.1437/arm-gnu-toolchain/bin/../lib/gcc/arm-none-eabi/4.8.4/armv7-m/crtbegin.o

.rel.dyn        0x00086bf8        0x0
 .rel.iplt      0x00000000        0x0 c:/program files (x86)/atmel/atmel toolchain/arm gcc/native/4.8.1437/arm-gnu-toolchain/bin/../lib/gcc/arm-none-eabi/4.8.4/armv7-m/crtbegin.o

.jcr            0x00086bf8        0x0
 .jcr           0x00086bf8        0x0 c:/program files (x86)/atmel/atmel toolchain/arm gcc/native/4.8.1437/arm-gnu-toolchain/bin/../lib/gcc/arm-none-eabi/4.8.4/armv7-m/crtbegin.o

.igot.plt       0x00086bf8        0x0
 .igot.plt      0x00000000        0x0 c:/program files (x86)/atmel/atmel toolchain/arm gcc/native/4.8.1437/arm-gnu-toolchain/bin/../lib/gcc/arm-none-eabi/4.8.4/armv7-m/crtbegin.o
                0x00086bf8                . = ALIGN (0x4)
                0x00086bf8                _etext = .

.relocate       0x20070000      0x9b4 load address 0x00086bf8
                0x20070000                . = ALIGN (0x4)
                0x20070000                _srelocate = .
 *(.ramfunc .ramfunc.*)
 .ramfunc       0x20070000      0x12c src/ASF/sam/utils/cmsis/sam3x/source/templates/system_sam3x.o
                0x20070000                SystemInit
                0x200700a4                system_init_flash
 *(.data .data.*)
 .data.uxCriticalNesting
                0x2007012c        0x4 src/ASF/thirdparty/freertos/freertos-7.3.0/source/portable/gcc/sam/port.o
 .data.xFreeBytesRemaining
                0x20070130        0x4 src/ASF/thirdparty/freertos/freertos-7.3.0/source/portable/memmang/heap_4.o
 .data.xNextTaskUnblockTime
                0x20070134        0x2 src/ASF/thirdparty/freertos/freertos-7.3.0/source/tasks.o
 *fill*         0x20070136        0x2 
 .data.dTBack   0x20070138        0x8 src/BackControllerFunctions.o
                0x20070138                dTBack
 .data.dTFront  0x20070140        0x8 src/FrontControllerFunctions.o
                0x20070140                dTFront
 .data.SystemCoreClock
                0x20070148        0x4 src/ASF/sam/utils/cmsis/sam3x/source/templates/system_sam3x.o
                0x20070148                SystemCoreClock
 *fill*         0x2007014c        0x4 
 .data.impure_data
                0x20070150      0x428 c:/program files (x86)/atmel/atmel toolchain/arm gcc/native/4.8.1437/arm-gnu-toolchain/bin/../lib/gcc/arm-none-eabi/4.8.4/../../../../arm-none-eabi/lib/armv7-m\libc.a(lib_a-impure.o)
 .data._impure_ptr
                0x20070578        0x4 c:/program files (x86)/atmel/atmel toolchain/arm gcc/native/4.8.1437/arm-gnu-toolchain/bin/../lib/gcc/arm-none-eabi/4.8.4/../../../../arm-none-eabi/lib/armv7-m\libc.a(lib_a-impure.o)
                0x20070578                _impure_ptr
 .data.lc_ctype_charset
                0x2007057c       0x20 c:/program files (x86)/atmel/atmel toolchain/arm gcc/native/4.8.1437/arm-gnu-toolchain/bin/../lib/gcc/arm-none-eabi/4.8.4/../../../../arm-none-eabi/lib/armv7-m\libc.a(lib_a-locale.o)
 .data.__mb_cur_max
                0x2007059c        0x4 c:/program files (x86)/atmel/atmel toolchain/arm gcc/native/4.8.1437/arm-gnu-toolchain/bin/../lib/gcc/arm-none-eabi/4.8.4/../../../../arm-none-eabi/lib/armv7-m\libc.a(lib_a-locale.o)
                0x2007059c                __mb_cur_max
 .data.__malloc_av_
                0x200705a0      0x408 c:/program files (x86)/atmel/atmel toolchain/arm gcc/native/4.8.1437/arm-gnu-toolchain/bin/../lib/gcc/arm-none-eabi/4.8.4/../../../../arm-none-eabi/lib/armv7-m\libc.a(lib_a-mallocr.o)
                0x200705a0                __malloc_av_
 .data.__malloc_trim_threshold
                0x200709a8        0x4 c:/program files (x86)/atmel/atmel toolchain/arm gcc/native/4.8.1437/arm-gnu-toolchain/bin/../lib/gcc/arm-none-eabi/4.8.4/../../../../arm-none-eabi/lib/armv7-m\libc.a(lib_a-mallocr.o)
                0x200709a8                __malloc_trim_threshold
 .data.__malloc_sbrk_base
                0x200709ac        0x4 c:/program files (x86)/atmel/atmel toolchain/arm gcc/native/4.8.1437/arm-gnu-toolchain/bin/../lib/gcc/arm-none-eabi/4.8.4/../../../../arm-none-eabi/lib/armv7-m\libc.a(lib_a-mallocr.o)
                0x200709ac                __malloc_sbrk_base
 .data.__wctomb
                0x200709b0        0x4 c:/program files (x86)/atmel/atmel toolchain/arm gcc/native/4.8.1437/arm-gnu-toolchain/bin/../lib/gcc/arm-none-eabi/4.8.4/../../../../arm-none-eabi/lib/armv7-m\libc.a(lib_a-wctomb_r.o)
                0x200709b0                __wctomb
                0x200709b4                . = ALIGN (0x4)
                0x200709b4                _erelocate = .

.bss            0x200709b8     0x8474 load address 0x000875b0
                0x200709b8                . = ALIGN (0x4)
                0x200709b8                _sbss = .
                0x200709b8                _szero = .
 *(.bss .bss.*)
 .bss           0x200709b8       0x1c c:/program files (x86)/atmel/atmel toolchain/arm gcc/native/4.8.1437/arm-gnu-toolchain/bin/../lib/gcc/arm-none-eabi/4.8.4/armv7-m/crtbegin.o
 *fill*         0x200709d4        0x4 
 .bss.xHeap     0x200709d8     0x8000 src/ASF/thirdparty/freertos/freertos-7.3.0/source/portable/memmang/heap_4.o
 .bss.pxEnd     0x200789d8        0x4 src/ASF/thirdparty/freertos/freertos-7.3.0/source/portable/memmang/heap_4.o
 .bss.xStart    0x200789dc        0x8 src/ASF/thirdparty/freertos/freertos-7.3.0/source/portable/memmang/heap_4.o
 .bss.uxMissedTicks
                0x200789e4        0x4 src/ASF/thirdparty/freertos/freertos-7.3.0/source/tasks.o
 .bss.xSuspendedTaskList
                0x200789e8       0x14 src/ASF/thirdparty/freertos/freertos-7.3.0/source/tasks.o
 .bss.pxDelayedTaskList
                0x200789fc        0x4 src/ASF/thirdparty/freertos/freertos-7.3.0/source/tasks.o
 .bss.xSchedulerRunning
                0x20078a00        0x4 src/ASF/thirdparty/freertos/freertos-7.3.0/source/tasks.o
 .bss.uxTasksDeleted
                0x20078a04        0x4 src/ASF/thirdparty/freertos/freertos-7.3.0/source/tasks.o
 .bss.xTasksWaitingTermination
                0x20078a08       0x14 src/ASF/thirdparty/freertos/freertos-7.3.0/source/tasks.o
 .bss.xDelayedTaskList2
                0x20078a1c       0x14 src/ASF/thirdparty/freertos/freertos-7.3.0/source/tasks.o
 .bss.uxTopReadyPriority
                0x20078a30        0x4 src/ASF/thirdparty/freertos/freertos-7.3.0/source/tasks.o
 .bss.pxReadyTasksLists
                0x20078a34       0xc8 src/ASF/thirdparty/freertos/freertos-7.3.0/source/tasks.o
 .bss.uxSchedulerSuspended
                0x20078afc        0x4 src/ASF/thirdparty/freertos/freertos-7.3.0/source/tasks.o
 .bss.pxCurrentTCB
                0x20078b00        0x4 src/ASF/thirdparty/freertos/freertos-7.3.0/source/tasks.o
                0x20078b00                pxCurrentTCB
 .bss.xPendingReadyList
                0x20078b04       0x14 src/ASF/thirdparty/freertos/freertos-7.3.0/source/tasks.o
 .bss.xNumOfOverflows
                0x20078b18        0x4 src/ASF/thirdparty/freertos/freertos-7.3.0/source/tasks.o
 .bss.xTickCount
                0x20078b1c        0x2 src/ASF/thirdparty/freertos/freertos-7.3.0/source/tasks.o
 *fill*         0x20078b1e        0x2 
 .bss.pxOverflowDelayedTaskList
                0x20078b20        0x4 src/ASF/thirdparty/freertos/freertos-7.3.0/source/tasks.o
 .bss.uxTaskNumber
                0x20078b24        0x4 src/ASF/thirdparty/freertos/freertos-7.3.0/source/tasks.o
 .bss.xDelayedTaskList1
                0x20078b28       0x14 src/ASF/thirdparty/freertos/freertos-7.3.0/source/tasks.o
 .bss.xMissedYield
                0x20078b3c        0x4 src/ASF/thirdparty/freertos/freertos-7.3.0/source/tasks.o
 .bss.uxCurrentNumberOfTasks
                0x20078b40        0x4 src/ASF/thirdparty/freertos/freertos-7.3.0/source/tasks.o
 .bss.uxTopUsedPriority
                0x20078b44        0x4 src/ASF/thirdparty/freertos/freertos-7.3.0/source/tasks.o
 .bss.pxCurrentTimerList
                0x20078b48        0x4 src/ASF/thirdparty/freertos/freertos-7.3.0/source/timers.o
 .bss.xActiveTimerList1
                0x20078b4c       0x14 src/ASF/thirdparty/freertos/freertos-7.3.0/source/timers.o
 .bss.xActiveTimerList2
                0x20078b60       0x14 src/ASF/thirdparty/freertos/freertos-7.3.0/source/timers.o
 .bss.xLastTime.4484
                0x20078b74        0x2 src/ASF/thirdparty/freertos/freertos-7.3.0/source/timers.o
 *fill*         0x20078b76        0x2 
 .bss.xTimerQueue
                0x20078b78        0x4 src/ASF/thirdparty/freertos/freertos-7.3.0/source/timers.o
 .bss.pxOverflowTimerList
                0x20078b7c        0x4 src/ASF/thirdparty/freertos/freertos-7.3.0/source/timers.o
 .bss.CurrentValuesTable
                0x20078b80       0x10 src/LookUpTableFunctions.o
                0x20078b80                CurrentValuesTable
 .bss.PWMLowerRightChannelInstance
                0x20078b90       0x28 src/PWMFunctions.o
 .bss.PWMLowerLeftChannelInstance
                0x20078bb8       0x28 src/PWMFunctions.o
 .bss.PWMTopRightChannelInstance
                0x20078be0       0x28 src/PWMFunctions.o
 .bss.PWMCenterChannelInstance
                0x20078c08       0x28 src/PWMFunctions.o
 .bss.PWMTopLeftChannelInstance
                0x20078c30       0x28 src/PWMFunctions.o
 .bss.PWMBackChannelInstance
                0x20078c58       0x28 src/PWMFunctions.o
 .bss.DutyCycleBackLeft
                0x20078c80        0x4 src/BackControllerFunctions.o
                0x20078c80                DutyCycleBackLeft
 .bss.eBackRightSum
                0x20078c84        0x8 src/BackControllerFunctions.o
 .bss.DutyCycleBackRight
                0x20078c8c        0x4 src/BackControllerFunctions.o
                0x20078c8c                DutyCycleBackRight
 .bss.eBackDiff
                0x20078c90        0x8 src/BackControllerFunctions.o
                0x20078c90                eBackDiff
 .bss.eBackLeftSum
                0x20078c98        0x8 src/BackControllerFunctions.o
 .bss.LowerLeftBuffer
                0x20078ca0       0x28 src/NavigationFunctions.o
 .bss.LowerRightBuffer
                0x20078cc8       0x28 src/NavigationFunctions.o
 .bss.TopRightBuffer
                0x20078cf0       0x28 src/NavigationFunctions.o
 .bss.TopLeftBuffer
                0x20078d18       0x28 src/NavigationFunctions.o
 .bss.eFrontDiff
                0x20078d40        0x8 src/FrontControllerFunctions.o
                0x20078d40                eFrontDiff
 .bss.eFrontRightSum
                0x20078d48        0x8 src/FrontControllerFunctions.o
 .bss.DutyCycleFrontLeft
                0x20078d50        0x4 src/FrontControllerFunctions.o
                0x20078d50                DutyCycleFrontLeft
 .bss.DutyCycleFrontRight
                0x20078d54        0x4 src/FrontControllerFunctions.o
                0x20078d54                DutyCycleFrontRight
 .bss.eFrontLeftSum
                0x20078d58        0x8 src/FrontControllerFunctions.o
 .bss.SemaphoreControl
                0x20078d60        0x4 src/RTOSFunctions.o
                0x20078d60                SemaphoreControl
 .bss.gs_interrupt_sources
                0x20078d64       0x70 src/ASF/sam/drivers/pio/pio_handler.o
 .bss.heap.5098
                0x20078dd4        0x4 src/ASF/sam/utils/syscalls/gcc/syscalls.o
 .bss.__malloc_max_total_mem
                0x20078dd8        0x4 c:/program files (x86)/atmel/atmel toolchain/arm gcc/native/4.8.1437/arm-gnu-toolchain/bin/../lib/gcc/arm-none-eabi/4.8.4/../../../../arm-none-eabi/lib/armv7-m\libc.a(lib_a-mallocr.o)
                0x20078dd8                __malloc_max_total_mem
 .bss.__malloc_max_sbrked_mem
                0x20078ddc        0x4 c:/program files (x86)/atmel/atmel toolchain/arm gcc/native/4.8.1437/arm-gnu-toolchain/bin/../lib/gcc/arm-none-eabi/4.8.4/../../../../arm-none-eabi/lib/armv7-m\libc.a(lib_a-mallocr.o)
                0x20078ddc                __malloc_max_sbrked_mem
 .bss.__malloc_top_pad
                0x20078de0        0x4 c:/program files (x86)/atmel/atmel toolchain/arm gcc/native/4.8.1437/arm-gnu-toolchain/bin/../lib/gcc/arm-none-eabi/4.8.4/../../../../arm-none-eabi/lib/armv7-m\libc.a(lib_a-mallocr.o)
                0x20078de0                __malloc_top_pad
 .bss.__malloc_current_mallinfo
                0x20078de4       0x28 c:/program files (x86)/atmel/atmel toolchain/arm gcc/native/4.8.1437/arm-gnu-toolchain/bin/../lib/gcc/arm-none-eabi/4.8.4/../../../../arm-none-eabi/lib/armv7-m\libc.a(lib_a-mallocr.o)
                0x20078de4                __malloc_current_mallinfo
 *(COMMON)
 COMMON         0x20078e0c        0x4 src/ASF/common/utils/stdio/read.o
                0x20078e0c                ptr_get
 COMMON         0x20078e10        0x8 src/ASF/common/utils/stdio/write.o
                0x20078e10                ptr_put
                0x20078e14                stdio_base
 COMMON         0x20078e18       0x10 src/NavigationFunctions.o
                0x20078e18                CurrentTopLeftValue
                0x20078e1c                CurrentLowerLeftValue
                0x20078e20                CurrentTopRightValue
                0x20078e24                CurrentLowerRightValue
 COMMON         0x20078e28        0x4 c:/program files (x86)/atmel/atmel toolchain/arm gcc/native/4.8.1437/arm-gnu-toolchain/bin/../lib/gcc/arm-none-eabi/4.8.4/../../../../arm-none-eabi/lib/armv7-m\libc.a(lib_a-reent.o)
                0x20078e28                errno
                0x20078e2c                . = ALIGN (0x4)
                0x20078e2c                _ebss = .
                0x20078e2c                _ezero = .

.stack          0x20078e2c     0x2004 load address 0x0008fa24
                0x20078e30                . = ALIGN (0x8)
 *fill*         0x20078e2c        0x4 
                0x20078e30                _sstack = .
                0x2007ae30                . = (. + __stack_size__)
 *fill*         0x20078e30     0x2000 
                0x2007ae30                . = ALIGN (0x8)
                0x2007ae30                _estack = .
                0x2007ae30                . = ALIGN (0x4)
                0x2007ae30                _end = .
OUTPUT(fans.elf elf32-littlearm)

.ARM.attributes
                0x00000000       0x29
 .ARM.attributes
                0x00000000       0x1d c:/program files (x86)/atmel/atmel toolchain/arm gcc/native/4.8.1437/arm-gnu-toolchain/bin/../lib/gcc/arm-none-eabi/4.8.4/armv7-m/crti.o
 .ARM.attributes
                0x0000001d       0x2d c:/program files (x86)/atmel/atmel toolchain/arm gcc/native/4.8.1437/arm-gnu-toolchain/bin/../lib/gcc/arm-none-eabi/4.8.4/armv7-m/crtbegin.o
 .ARM.attributes
                0x0000004a       0x33 src/ADFunctions.o
 .ARM.attributes
                0x0000007d       0x33 src/ASF/common/utils/stdio/read.o
 .ARM.attributes
                0x000000b0       0x33 src/ASF/common/utils/stdio/write.o
 .ARM.attributes
                0x000000e3       0x33 src/ASF/sam/drivers/adc/adc.o
 .ARM.attributes
                0x00000116       0x33 src/ASF/sam/drivers/pwm/pwm.o
 .ARM.attributes
                0x00000149       0x33 src/ASF/sam/drivers/uart/uart.o
 .ARM.attributes
                0x0000017c       0x33 src/ASF/sam/drivers/usart/usart.o
 .ARM.attributes
                0x000001af       0x33 src/ASF/thirdparty/freertos/freertos-7.3.0/source/list.o
 .ARM.attributes
                0x000001e2       0x33 src/ASF/thirdparty/freertos/freertos-7.3.0/source/portable/gcc/sam/port.o
 .ARM.attributes
                0x00000215       0x33 src/ASF/thirdparty/freertos/freertos-7.3.0/source/portable/memmang/heap_4.o
 .ARM.attributes
                0x00000248       0x33 src/ASF/thirdparty/freertos/freertos-7.3.0/source/queue.o
 .ARM.attributes
                0x0000027b       0x33 src/ASF/thirdparty/freertos/freertos-7.3.0/source/tasks.o
 .ARM.attributes
                0x000002ae       0x33 src/ASF/thirdparty/freertos/freertos-7.3.0/source/timers.o
 .ARM.attributes
                0x000002e1       0x33 src/ConsoleFunctions.o
 .ARM.attributes
                0x00000314       0x33 src/LookUpTableFunctions.o
 .ARM.attributes
                0x00000347       0x33 src/PWMFunctions.o
 .ARM.attributes
                0x0000037a       0x33 src/BackControllerFunctions.o
 .ARM.attributes
                0x000003ad       0x33 src/NavigationFunctions.o
 .ARM.attributes
                0x000003e0       0x33 src/FrontControllerFunctions.o
 .ARM.attributes
                0x00000413       0x33 src/RTOSFunctions.o
 .ARM.attributes
                0x00000446       0x33 src/ASF/common/services/clock/sam3x/sysclk.o
 .ARM.attributes
                0x00000479       0x33 src/ASF/sam/boards/arduino_due_x/init.o
 .ARM.attributes
                0x000004ac       0x33 src/ASF/sam/drivers/pio/pio.o
 .ARM.attributes
                0x000004df       0x33 src/ASF/sam/drivers/pio/pio_handler.o
 .ARM.attributes
                0x00000512       0x33 src/ASF/sam/drivers/pmc/pmc.o
 .ARM.attributes
                0x00000545       0x33 src/ASF/sam/utils/cmsis/sam3x/source/templates/exceptions.o
 .ARM.attributes
                0x00000578       0x33 src/ASF/sam/utils/cmsis/sam3x/source/templates/gcc/startup_sam3x.o
 .ARM.attributes
                0x000005ab       0x33 src/ASF/sam/utils/cmsis/sam3x/source/templates/system_sam3x.o
 .ARM.attributes
                0x000005de       0x33 src/ASF/sam/utils/syscalls/gcc/syscalls.o
 .ARM.attributes
                0x00000611       0x33 src/main.o
 .ARM.attributes
                0x00000644       0x1d c:/program files (x86)/atmel/atmel toolchain/arm gcc/native/4.8.1437/arm-gnu-toolchain/bin/../lib/gcc/arm-none-eabi/4.8.4/armv7-m\libgcc.a(_arm_addsubdf3.o)
 .ARM.attributes
                0x00000661       0x1d c:/program files (x86)/atmel/atmel toolchain/arm gcc/native/4.8.1437/arm-gnu-toolchain/bin/../lib/gcc/arm-none-eabi/4.8.4/armv7-m\libgcc.a(_arm_muldivdf3.o)
 .ARM.attributes
                0x0000067e       0x1d c:/program files (x86)/atmel/atmel toolchain/arm gcc/native/4.8.1437/arm-gnu-toolchain/bin/../lib/gcc/arm-none-eabi/4.8.4/armv7-m\libgcc.a(_arm_fixdfsi.o)
 .ARM.attributes
                0x0000069b       0x1d c:/program files (x86)/atmel/atmel toolchain/arm gcc/native/4.8.1437/arm-gnu-toolchain/bin/../lib/gcc/arm-none-eabi/4.8.4/armv7-m\libgcc.a(_arm_fixunsdfsi.o)
 .ARM.attributes
                0x000006b8       0x2d c:/program files (x86)/atmel/atmel toolchain/arm gcc/native/4.8.1437/arm-gnu-toolchain/bin/../lib/gcc/arm-none-eabi/4.8.4/../../../../arm-none-eabi/lib/armv7-m\libc.a(lib_a-impure.o)
 .ARM.attributes
                0x000006e5       0x2d c:/program files (x86)/atmel/atmel toolchain/arm gcc/native/4.8.1437/arm-gnu-toolchain/bin/../lib/gcc/arm-none-eabi/4.8.4/../../../../arm-none-eabi/lib/armv7-m\libc.a(lib_a-init.o)
 .ARM.attributes
                0x00000712       0x2d c:/program files (x86)/atmel/atmel toolchain/arm gcc/native/4.8.1437/arm-gnu-toolchain/bin/../lib/gcc/arm-none-eabi/4.8.4/../../../../arm-none-eabi/lib/armv7-m\libc.a(lib_a-iprintf.o)
 .ARM.attributes
                0x0000073f       0x1b c:/program files (x86)/atmel/atmel toolchain/arm gcc/native/4.8.1437/arm-gnu-toolchain/bin/../lib/gcc/arm-none-eabi/4.8.4/../../../../arm-none-eabi/lib/armv7-m\libc.a(lib_a-memcpy.o)
 .ARM.attributes
                0x0000075a       0x2d c:/program files (x86)/atmel/atmel toolchain/arm gcc/native/4.8.1437/arm-gnu-toolchain/bin/../lib/gcc/arm-none-eabi/4.8.4/../../../../arm-none-eabi/lib/armv7-m\libc.a(lib_a-memset.o)
 .ARM.attributes
                0x00000787       0x2d c:/program files (x86)/atmel/atmel toolchain/arm gcc/native/4.8.1437/arm-gnu-toolchain/bin/../lib/gcc/arm-none-eabi/4.8.4/../../../../arm-none-eabi/lib/armv7-m\libc.a(lib_a-setbuf.o)
 .ARM.attributes
                0x000007b4       0x2d c:/program files (x86)/atmel/atmel toolchain/arm gcc/native/4.8.1437/arm-gnu-toolchain/bin/../lib/gcc/arm-none-eabi/4.8.4/../../../../arm-none-eabi/lib/armv7-m\libc.a(lib_a-setvbuf.o)
 .ARM.attributes
                0x000007e1       0x2d c:/program files (x86)/atmel/atmel toolchain/arm gcc/native/4.8.1437/arm-gnu-toolchain/bin/../lib/gcc/arm-none-eabi/4.8.4/../../../../arm-none-eabi/lib/armv7-m\libc.a(lib_a-strlen.o)
 .ARM.attributes
                0x0000080e       0x2d c:/program files (x86)/atmel/atmel toolchain/arm gcc/native/4.8.1437/arm-gnu-toolchain/bin/../lib/gcc/arm-none-eabi/4.8.4/../../../../arm-none-eabi/lib/armv7-m\libc.a(lib_a-strncpy.o)
 .ARM.attributes
                0x0000083b       0x2d c:/program files (x86)/atmel/atmel toolchain/arm gcc/native/4.8.1437/arm-gnu-toolchain/bin/../lib/gcc/arm-none-eabi/4.8.4/../../../../arm-none-eabi/lib/armv7-m\libc.a(lib_a-vfiprintf.o)
 .ARM.attributes
                0x00000868       0x2d c:/program files (x86)/atmel/atmel toolchain/arm gcc/native/4.8.1437/arm-gnu-toolchain/bin/../lib/gcc/arm-none-eabi/4.8.4/../../../../arm-none-eabi/lib/armv7-m\libc.a(lib_a-wsetup.o)
 .ARM.attributes
                0x00000895       0x2d c:/program files (x86)/atmel/atmel toolchain/arm gcc/native/4.8.1437/arm-gnu-toolchain/bin/../lib/gcc/arm-none-eabi/4.8.4/../../../../arm-none-eabi/lib/armv7-m\libc.a(lib_a-__call_atexit.o)
 .ARM.attributes
                0x000008c2       0x2d c:/program files (x86)/atmel/atmel toolchain/arm gcc/native/4.8.1437/arm-gnu-toolchain/bin/../lib/gcc/arm-none-eabi/4.8.4/../../../../arm-none-eabi/lib/armv7-m\libc.a(lib_a-atexit.o)
 .ARM.attributes
                0x000008ef       0x2d c:/program files (x86)/atmel/atmel toolchain/arm gcc/native/4.8.1437/arm-gnu-toolchain/bin/../lib/gcc/arm-none-eabi/4.8.4/../../../../arm-none-eabi/lib/armv7-m\libc.a(lib_a-fflush.o)
 .ARM.attributes
                0x0000091c       0x2d c:/program files (x86)/atmel/atmel toolchain/arm gcc/native/4.8.1437/arm-gnu-toolchain/bin/../lib/gcc/arm-none-eabi/4.8.4/../../../../arm-none-eabi/lib/armv7-m\libc.a(lib_a-findfp.o)
 .ARM.attributes
                0x00000949       0x2d c:/program files (x86)/atmel/atmel toolchain/arm gcc/native/4.8.1437/arm-gnu-toolchain/bin/../lib/gcc/arm-none-eabi/4.8.4/../../../../arm-none-eabi/lib/armv7-m\libc.a(lib_a-fini.o)
 .ARM.attributes
                0x00000976       0x2d c:/program files (x86)/atmel/atmel toolchain/arm gcc/native/4.8.1437/arm-gnu-toolchain/bin/../lib/gcc/arm-none-eabi/4.8.4/../../../../arm-none-eabi/lib/armv7-m\libc.a(lib_a-fputwc.o)
 .ARM.attributes
                0x000009a3       0x2d c:/program files (x86)/atmel/atmel toolchain/arm gcc/native/4.8.1437/arm-gnu-toolchain/bin/../lib/gcc/arm-none-eabi/4.8.4/../../../../arm-none-eabi/lib/armv7-m\libc.a(lib_a-freer.o)
 .ARM.attributes
                0x000009d0       0x2d c:/program files (x86)/atmel/atmel toolchain/arm gcc/native/4.8.1437/arm-gnu-toolchain/bin/../lib/gcc/arm-none-eabi/4.8.4/../../../../arm-none-eabi/lib/armv7-m\libc.a(lib_a-fvwrite.o)
 .ARM.attributes
                0x000009fd       0x2d c:/program files (x86)/atmel/atmel toolchain/arm gcc/native/4.8.1437/arm-gnu-toolchain/bin/../lib/gcc/arm-none-eabi/4.8.4/../../../../arm-none-eabi/lib/armv7-m\libc.a(lib_a-fwalk.o)
 .ARM.attributes
                0x00000a2a       0x2d c:/program files (x86)/atmel/atmel toolchain/arm gcc/native/4.8.1437/arm-gnu-toolchain/bin/../lib/gcc/arm-none-eabi/4.8.4/../../../../arm-none-eabi/lib/armv7-m\libc.a(lib_a-locale.o)
 .ARM.attributes
                0x00000a57       0x2d c:/program files (x86)/atmel/atmel toolchain/arm gcc/native/4.8.1437/arm-gnu-toolchain/bin/../lib/gcc/arm-none-eabi/4.8.4/../../../../arm-none-eabi/lib/armv7-m\libc.a(lib_a-makebuf.o)
 .ARM.attributes
                0x00000a84       0x2d c:/program files (x86)/atmel/atmel toolchain/arm gcc/native/4.8.1437/arm-gnu-toolchain/bin/../lib/gcc/arm-none-eabi/4.8.4/../../../../arm-none-eabi/lib/armv7-m\libc.a(lib_a-malloc.o)
 .ARM.attributes
                0x00000ab1       0x2d c:/program files (x86)/atmel/atmel toolchain/arm gcc/native/4.8.1437/arm-gnu-toolchain/bin/../lib/gcc/arm-none-eabi/4.8.4/../../../../arm-none-eabi/lib/armv7-m\libc.a(lib_a-mallocr.o)
 .ARM.attributes
                0x00000ade       0x2d c:/program files (x86)/atmel/atmel toolchain/arm gcc/native/4.8.1437/arm-gnu-toolchain/bin/../lib/gcc/arm-none-eabi/4.8.4/../../../../arm-none-eabi/lib/armv7-m\libc.a(lib_a-memchr-stub.o)
 .ARM.attributes
                0x00000b0b       0x2d c:/program files (x86)/atmel/atmel toolchain/arm gcc/native/4.8.1437/arm-gnu-toolchain/bin/../lib/gcc/arm-none-eabi/4.8.4/../../../../arm-none-eabi/lib/armv7-m\libc.a(lib_a-memmove.o)
 .ARM.attributes
                0x00000b38       0x2d c:/program files (x86)/atmel/atmel toolchain/arm gcc/native/4.8.1437/arm-gnu-toolchain/bin/../lib/gcc/arm-none-eabi/4.8.4/../../../../arm-none-eabi/lib/armv7-m\libc.a(lib_a-mlock.o)
 .ARM.attributes
                0x00000b65       0x2d c:/program files (x86)/atmel/atmel toolchain/arm gcc/native/4.8.1437/arm-gnu-toolchain/bin/../lib/gcc/arm-none-eabi/4.8.4/../../../../arm-none-eabi/lib/armv7-m\libc.a(lib_a-reallocr.o)
 .ARM.attributes
                0x00000b92       0x2d c:/program files (x86)/atmel/atmel toolchain/arm gcc/native/4.8.1437/arm-gnu-toolchain/bin/../lib/gcc/arm-none-eabi/4.8.4/../../../../arm-none-eabi/lib/armv7-m\libc.a(lib_a-sbrkr.o)
 .ARM.attributes
                0x00000bbf       0x2d c:/program files (x86)/atmel/atmel toolchain/arm gcc/native/4.8.1437/arm-gnu-toolchain/bin/../lib/gcc/arm-none-eabi/4.8.4/../../../../arm-none-eabi/lib/armv7-m\libc.a(lib_a-stdio.o)
 .ARM.attributes
                0x00000bec       0x2d c:/program files (x86)/atmel/atmel toolchain/arm gcc/native/4.8.1437/arm-gnu-toolchain/bin/../lib/gcc/arm-none-eabi/4.8.4/../../../../arm-none-eabi/lib/armv7-m\libc.a(lib_a-wbuf.o)
 .ARM.attributes
                0x00000c19       0x2d c:/program files (x86)/atmel/atmel toolchain/arm gcc/native/4.8.1437/arm-gnu-toolchain/bin/../lib/gcc/arm-none-eabi/4.8.4/../../../../arm-none-eabi/lib/armv7-m\libc.a(lib_a-wcrtomb.o)
 .ARM.attributes
                0x00000c46       0x2d c:/program files (x86)/atmel/atmel toolchain/arm gcc/native/4.8.1437/arm-gnu-toolchain/bin/../lib/gcc/arm-none-eabi/4.8.4/../../../../arm-none-eabi/lib/armv7-m\libc.a(lib_a-wctomb_r.o)
 .ARM.attributes
                0x00000c73       0x2d c:/program files (x86)/atmel/atmel toolchain/arm gcc/native/4.8.1437/arm-gnu-toolchain/bin/../lib/gcc/arm-none-eabi/4.8.4/../../../../arm-none-eabi/lib/armv7-m\libc.a(lib_a-writer.o)
 .ARM.attributes
                0x00000ca0       0x2d c:/program files (x86)/atmel/atmel toolchain/arm gcc/native/4.8.1437/arm-gnu-toolchain/bin/../lib/gcc/arm-none-eabi/4.8.4/../../../../arm-none-eabi/lib/armv7-m\libc.a(lib_a-__atexit.o)
 .ARM.attributes
                0x00000ccd       0x2d c:/program files (x86)/atmel/atmel toolchain/arm gcc/native/4.8.1437/arm-gnu-toolchain/bin/../lib/gcc/arm-none-eabi/4.8.4/../../../../arm-none-eabi/lib/armv7-m\libc.a(lib_a-closer.o)
 .ARM.attributes
                0x00000cfa       0x2d c:/program files (x86)/atmel/atmel toolchain/arm gcc/native/4.8.1437/arm-gnu-toolchain/bin/../lib/gcc/arm-none-eabi/4.8.4/../../../../arm-none-eabi/lib/armv7-m\libc.a(lib_a-fclose.o)
 .ARM.attributes
                0x00000d27       0x2d c:/program files (x86)/atmel/atmel toolchain/arm gcc/native/4.8.1437/arm-gnu-toolchain/bin/../lib/gcc/arm-none-eabi/4.8.4/../../../../arm-none-eabi/lib/armv7-m\libc.a(lib_a-fstatr.o)
 .ARM.attributes
                0x00000d54       0x2d c:/program files (x86)/atmel/atmel toolchain/arm gcc/native/4.8.1437/arm-gnu-toolchain/bin/../lib/gcc/arm-none-eabi/4.8.4/../../../../arm-none-eabi/lib/armv7-m\libc.a(lib_a-isattyr.o)
 .ARM.attributes
                0x00000d81       0x2d c:/program files (x86)/atmel/atmel toolchain/arm gcc/native/4.8.1437/arm-gnu-toolchain/bin/../lib/gcc/arm-none-eabi/4.8.4/../../../../arm-none-eabi/lib/armv7-m\libc.a(lib_a-lseekr.o)
 .ARM.attributes
                0x00000dae       0x2d c:/program files (x86)/atmel/atmel toolchain/arm gcc/native/4.8.1437/arm-gnu-toolchain/bin/../lib/gcc/arm-none-eabi/4.8.4/../../../../arm-none-eabi/lib/armv7-m\libc.a(lib_a-readr.o)
 .ARM.attributes
                0x00000ddb       0x2d c:/program files (x86)/atmel/atmel toolchain/arm gcc/native/4.8.1437/arm-gnu-toolchain/bin/../lib/gcc/arm-none-eabi/4.8.4/../../../../arm-none-eabi/lib/armv7-m\libc.a(lib_a-reent.o)
 .ARM.attributes
                0x00000e08       0x1d c:/program files (x86)/atmel/atmel toolchain/arm gcc/native/4.8.1437/arm-gnu-toolchain/bin/../lib/gcc/arm-none-eabi/4.8.4/armv7-m\libgcc.a(_aeabi_uldivmod.o)
 .ARM.attributes
                0x00000e25       0x2d c:/program files (x86)/atmel/atmel toolchain/arm gcc/native/4.8.1437/arm-gnu-toolchain/bin/../lib/gcc/arm-none-eabi/4.8.4/armv7-m\libgcc.a(bpabi.o)
 .ARM.attributes
                0x00000e52       0x1d c:/program files (x86)/atmel/atmel toolchain/arm gcc/native/4.8.1437/arm-gnu-toolchain/bin/../lib/gcc/arm-none-eabi/4.8.4/armv7-m\libgcc.a(_dvmd_tls.o)
 .ARM.attributes
                0x00000e6f       0x2d c:/program files (x86)/atmel/atmel toolchain/arm gcc/native/4.8.1437/arm-gnu-toolchain/bin/../lib/gcc/arm-none-eabi/4.8.4/armv7-m\libgcc.a(_divdi3.o)
 .ARM.attributes
                0x00000e9c       0x2d c:/program files (x86)/atmel/atmel toolchain/arm gcc/native/4.8.1437/arm-gnu-toolchain/bin/../lib/gcc/arm-none-eabi/4.8.4/armv7-m\libgcc.a(_udivdi3.o)
 .ARM.attributes
                0x00000ec9       0x1d c:/program files (x86)/atmel/atmel toolchain/arm gcc/native/4.8.1437/arm-gnu-toolchain/bin/../lib/gcc/arm-none-eabi/4.8.4/armv7-m/crtn.o

.comment        0x00000000       0x5b
 .comment       0x00000000       0x5b src/ADFunctions.o
                                 0x5c (size before relaxing)
 .comment       0x00000000       0x5c src/ASF/common/utils/stdio/read.o
 .comment       0x00000000       0x5c src/ASF/common/utils/stdio/write.o
 .comment       0x00000000       0x5c src/ASF/sam/drivers/adc/adc.o
 .comment       0x00000000       0x5c src/ASF/sam/drivers/pwm/pwm.o
 .comment       0x00000000       0x5c src/ASF/sam/drivers/uart/uart.o
 .comment       0x00000000       0x5c src/ASF/sam/drivers/usart/usart.o
 .comment       0x00000000       0x5c src/ASF/thirdparty/freertos/freertos-7.3.0/source/list.o
 .comment       0x00000000       0x5c src/ASF/thirdparty/freertos/freertos-7.3.0/source/portable/gcc/sam/port.o
 .comment       0x00000000       0x5c src/ASF/thirdparty/freertos/freertos-7.3.0/source/portable/memmang/heap_4.o
 .comment       0x00000000       0x5c src/ASF/thirdparty/freertos/freertos-7.3.0/source/queue.o
 .comment       0x00000000       0x5c src/ASF/thirdparty/freertos/freertos-7.3.0/source/tasks.o
 .comment       0x00000000       0x5c src/ASF/thirdparty/freertos/freertos-7.3.0/source/timers.o
 .comment       0x00000000       0x5c src/ConsoleFunctions.o
 .comment       0x00000000       0x5c src/LookUpTableFunctions.o
 .comment       0x00000000       0x5c src/PWMFunctions.o
 .comment       0x00000000       0x5c src/BackControllerFunctions.o
 .comment       0x00000000       0x5c src/NavigationFunctions.o
 .comment       0x00000000       0x5c src/FrontControllerFunctions.o
 .comment       0x00000000       0x5c src/RTOSFunctions.o
 .comment       0x00000000       0x5c src/ASF/common/services/clock/sam3x/sysclk.o
 .comment       0x00000000       0x5c src/ASF/sam/boards/arduino_due_x/init.o
 .comment       0x00000000       0x5c src/ASF/sam/drivers/pio/pio.o
 .comment       0x00000000       0x5c src/ASF/sam/drivers/pio/pio_handler.o
 .comment       0x00000000       0x5c src/ASF/sam/drivers/pmc/pmc.o
 .comment       0x00000000       0x5c src/ASF/sam/utils/cmsis/sam3x/source/templates/exceptions.o
 .comment       0x00000000       0x5c src/ASF/sam/utils/cmsis/sam3x/source/templates/gcc/startup_sam3x.o
 .comment       0x00000000       0x5c src/ASF/sam/utils/cmsis/sam3x/source/templates/system_sam3x.o
 .comment       0x00000000       0x5c src/ASF/sam/utils/syscalls/gcc/syscalls.o
 .comment       0x00000000       0x5c src/main.o

.debug_info     0x00000000    0x164c8
 .debug_info    0x00000000     0x110f src/ADFunctions.o
 .debug_info    0x0000110f      0x1bb src/ASF/common/utils/stdio/read.o
 .debug_info    0x000012ca      0x1c0 src/ASF/common/utils/stdio/write.o
 .debug_info    0x0000148a     0x1196 src/ASF/sam/drivers/adc/adc.o
 .debug_info    0x00002620     0x1574 src/ASF/sam/drivers/pwm/pwm.o
 .debug_info    0x00003b94      0x889 src/ASF/sam/drivers/uart/uart.o
 .debug_info    0x0000441d     0x1bfa src/ASF/sam/drivers/usart/usart.o
 .debug_info    0x00006017      0x2b7 src/ASF/thirdparty/freertos/freertos-7.3.0/source/list.o
 .debug_info    0x000062ce      0x3a1 src/ASF/thirdparty/freertos/freertos-7.3.0/source/portable/gcc/sam/port.o
 .debug_info    0x0000666f      0x38d src/ASF/thirdparty/freertos/freertos-7.3.0/source/portable/memmang/heap_4.o
 .debug_info    0x000069fc      0xea7 src/ASF/thirdparty/freertos/freertos-7.3.0/source/queue.o
 .debug_info    0x000078a3     0x178e src/ASF/thirdparty/freertos/freertos-7.3.0/source/tasks.o
 .debug_info    0x00009031      0xb44 src/ASF/thirdparty/freertos/freertos-7.3.0/source/timers.o
 .debug_info    0x00009b75     0x17ea src/ConsoleFunctions.o
 .debug_info    0x0000b35f      0xb39 src/LookUpTableFunctions.o
 .debug_info    0x0000be98     0x1a0f src/PWMFunctions.o
 .debug_info    0x0000d8a7      0xd2f src/BackControllerFunctions.o
 .debug_info    0x0000e5d6      0xc98 src/NavigationFunctions.o
 .debug_info    0x0000f26e      0xd11 src/FrontControllerFunctions.o
 .debug_info    0x0000ff7f      0xbca src/RTOSFunctions.o
 .debug_info    0x00010b49      0x796 src/ASF/common/services/clock/sam3x/sysclk.o
 .debug_info    0x000112df      0x726 src/ASF/sam/boards/arduino_due_x/init.o
 .debug_info    0x00011a05     0x1385 src/ASF/sam/drivers/pio/pio.o
 .debug_info    0x00012d8a      0xe52 src/ASF/sam/drivers/pio/pio_handler.o
 .debug_info    0x00013bdc     0x1080 src/ASF/sam/drivers/pmc/pmc.o
 .debug_info    0x00014c5c      0x124 src/ASF/sam/utils/cmsis/sam3x/source/templates/exceptions.o
 .debug_info    0x00014d80      0x3bd src/ASF/sam/utils/cmsis/sam3x/source/templates/gcc/startup_sam3x.o
 .debug_info    0x0001513d      0x4c6 src/ASF/sam/utils/cmsis/sam3x/source/templates/system_sam3x.o
 .debug_info    0x00015603      0x43f src/ASF/sam/utils/syscalls/gcc/syscalls.o
 .debug_info    0x00015a42      0xa86 src/main.o

.debug_abbrev   0x00000000     0x3b9d
 .debug_abbrev  0x00000000      0x275 src/ADFunctions.o
 .debug_abbrev  0x00000275      0x101 src/ASF/common/utils/stdio/read.o
 .debug_abbrev  0x00000376       0xf5 src/ASF/common/utils/stdio/write.o
 .debug_abbrev  0x0000046b      0x235 src/ASF/sam/drivers/adc/adc.o
 .debug_abbrev  0x000006a0      0x231 src/ASF/sam/drivers/pwm/pwm.o
 .debug_abbrev  0x000008d1      0x1bd src/ASF/sam/drivers/uart/uart.o
 .debug_abbrev  0x00000a8e      0x2dc src/ASF/sam/drivers/usart/usart.o
 .debug_abbrev  0x00000d6a       0xfb src/ASF/thirdparty/freertos/freertos-7.3.0/source/list.o
 .debug_abbrev  0x00000e65      0x22c src/ASF/thirdparty/freertos/freertos-7.3.0/source/portable/gcc/sam/port.o
 .debug_abbrev  0x00001091      0x220 src/ASF/thirdparty/freertos/freertos-7.3.0/source/portable/memmang/heap_4.o
 .debug_abbrev  0x000012b1      0x231 src/ASF/thirdparty/freertos/freertos-7.3.0/source/queue.o
 .debug_abbrev  0x000014e2      0x2e0 src/ASF/thirdparty/freertos/freertos-7.3.0/source/tasks.o
 .debug_abbrev  0x000017c2      0x261 src/ASF/thirdparty/freertos/freertos-7.3.0/source/timers.o
 .debug_abbrev  0x00001a23      0x364 src/ConsoleFunctions.o
 .debug_abbrev  0x00001d87      0x1e1 src/LookUpTableFunctions.o
 .debug_abbrev  0x00001f68      0x236 src/PWMFunctions.o
 .debug_abbrev  0x0000219e      0x26b src/BackControllerFunctions.o
 .debug_abbrev  0x00002409      0x260 src/NavigationFunctions.o
 .debug_abbrev  0x00002669      0x26b src/FrontControllerFunctions.o
 .debug_abbrev  0x000028d4      0x1ed src/RTOSFunctions.o
 .debug_abbrev  0x00002ac1      0x227 src/ASF/common/services/clock/sam3x/sysclk.o
 .debug_abbrev  0x00002ce8      0x16d src/ASF/sam/boards/arduino_due_x/init.o
 .debug_abbrev  0x00002e55      0x2d5 src/ASF/sam/drivers/pio/pio.o
 .debug_abbrev  0x0000312a      0x257 src/ASF/sam/drivers/pio/pio_handler.o
 .debug_abbrev  0x00003381      0x268 src/ASF/sam/drivers/pmc/pmc.o
 .debug_abbrev  0x000035e9       0x8c src/ASF/sam/utils/cmsis/sam3x/source/templates/exceptions.o
 .debug_abbrev  0x00003675      0x118 src/ASF/sam/utils/cmsis/sam3x/source/templates/gcc/startup_sam3x.o
 .debug_abbrev  0x0000378d      0x115 src/ASF/sam/utils/cmsis/sam3x/source/templates/system_sam3x.o
 .debug_abbrev  0x000038a2      0x14e src/ASF/sam/utils/syscalls/gcc/syscalls.o
 .debug_abbrev  0x000039f0      0x1ad src/main.o

.debug_loc      0x00000000     0x8ca2
 .debug_loc     0x00000000       0xa0 src/ADFunctions.o
 .debug_loc     0x000000a0       0xc5 src/ASF/common/utils/stdio/read.o
 .debug_loc     0x00000165      0x161 src/ASF/common/utils/stdio/write.o
 .debug_loc     0x000002c6      0x980 src/ASF/sam/drivers/adc/adc.o
 .debug_loc     0x00000c46      0xd48 src/ASF/sam/drivers/pwm/pwm.o
 .debug_loc     0x0000198e      0x236 src/ASF/sam/drivers/uart/uart.o
 .debug_loc     0x00001bc4     0x128d src/ASF/sam/drivers/usart/usart.o
 .debug_loc     0x00002e51       0x91 src/ASF/thirdparty/freertos/freertos-7.3.0/source/list.o
 .debug_loc     0x00002ee2      0x100 src/ASF/thirdparty/freertos/freertos-7.3.0/source/portable/gcc/sam/port.o
 .debug_loc     0x00002fe2      0x371 src/ASF/thirdparty/freertos/freertos-7.3.0/source/portable/memmang/heap_4.o
 .debug_loc     0x00003353     0x10da src/ASF/thirdparty/freertos/freertos-7.3.0/source/queue.o
 .debug_loc     0x0000442d     0x1545 src/ASF/thirdparty/freertos/freertos-7.3.0/source/tasks.o
 .debug_loc     0x00005972      0x9a4 src/ASF/thirdparty/freertos/freertos-7.3.0/source/timers.o
 .debug_loc     0x00006316      0x28b src/ConsoleFunctions.o
 .debug_loc     0x000065a1       0xfe src/LookUpTableFunctions.o
 .debug_loc     0x0000669f      0x1fc src/PWMFunctions.o
 .debug_loc     0x0000689b      0x186 src/BackControllerFunctions.o
 .debug_loc     0x00006a21      0x174 src/NavigationFunctions.o
 .debug_loc     0x00006b95      0x156 src/FrontControllerFunctions.o
 .debug_loc     0x00006ceb       0x4c src/RTOSFunctions.o
 .debug_loc     0x00006d37      0x12d src/ASF/common/services/clock/sam3x/sysclk.o
 .debug_loc     0x00006e64       0x20 src/ASF/sam/boards/arduino_due_x/init.o
 .debug_loc     0x00006e84      0xa83 src/ASF/sam/drivers/pio/pio.o
 .debug_loc     0x00007907      0x53d src/ASF/sam/drivers/pio/pio_handler.o
 .debug_loc     0x00007e44      0xc95 src/ASF/sam/drivers/pmc/pmc.o
 .debug_loc     0x00008ad9       0x7e src/ASF/sam/utils/cmsis/sam3x/source/templates/gcc/startup_sam3x.o
 .debug_loc     0x00008b57      0x12b src/ASF/sam/utils/syscalls/gcc/syscalls.o
 .debug_loc     0x00008c82       0x20 src/main.o

.debug_aranges  0x00000000     0x10b0
 .debug_aranges
                0x00000000       0x40 src/ADFunctions.o
 .debug_aranges
                0x00000040       0x20 src/ASF/common/utils/stdio/read.o
 .debug_aranges
                0x00000060       0x20 src/ASF/common/utils/stdio/write.o
 .debug_aranges
                0x00000080      0x178 src/ASF/sam/drivers/adc/adc.o
 .debug_aranges
                0x000001f8      0x158 src/ASF/sam/drivers/pwm/pwm.o
 .debug_aranges
                0x00000350       0xe8 src/ASF/sam/drivers/uart/uart.o
 .debug_aranges
                0x00000438      0x2a8 src/ASF/sam/drivers/usart/usart.o
 .debug_aranges
                0x000006e0       0x40 src/ASF/thirdparty/freertos/freertos-7.3.0/source/list.o
 .debug_aranges
                0x00000720       0x80 src/ASF/thirdparty/freertos/freertos-7.3.0/source/portable/gcc/sam/port.o
 .debug_aranges
                0x000007a0       0x40 src/ASF/thirdparty/freertos/freertos-7.3.0/source/portable/memmang/heap_4.o
 .debug_aranges
                0x000007e0       0xc8 src/ASF/thirdparty/freertos/freertos-7.3.0/source/queue.o
 .debug_aranges
                0x000008a8      0x130 src/ASF/thirdparty/freertos/freertos-7.3.0/source/tasks.o
 .debug_aranges
                0x000009d8       0x60 src/ASF/thirdparty/freertos/freertos-7.3.0/source/timers.o
 .debug_aranges
                0x00000a38       0x30 src/ConsoleFunctions.o
 .debug_aranges
                0x00000a68       0x20 src/LookUpTableFunctions.o
 .debug_aranges
                0x00000a88       0x68 src/PWMFunctions.o
 .debug_aranges
                0x00000af0       0x38 src/BackControllerFunctions.o
 .debug_aranges
                0x00000b28       0x38 src/NavigationFunctions.o
 .debug_aranges
                0x00000b60       0x38 src/FrontControllerFunctions.o
 .debug_aranges
                0x00000b98       0x28 src/RTOSFunctions.o
 .debug_aranges
                0x00000bc0       0x40 src/ASF/common/services/clock/sam3x/sysclk.o
 .debug_aranges
                0x00000c00       0x20 src/ASF/sam/boards/arduino_due_x/init.o
 .debug_aranges
                0x00000c20      0x148 src/ASF/sam/drivers/pio/pio.o
 .debug_aranges
                0x00000d68       0x58 src/ASF/sam/drivers/pio/pio_handler.o
 .debug_aranges
                0x00000dc0      0x200 src/ASF/sam/drivers/pmc/pmc.o
 .debug_aranges
                0x00000fc0       0x20 src/ASF/sam/utils/cmsis/sam3x/source/templates/exceptions.o
 .debug_aranges
                0x00000fe0       0x20 src/ASF/sam/utils/cmsis/sam3x/source/templates/gcc/startup_sam3x.o
 .debug_aranges
                0x00001000       0x30 src/ASF/sam/utils/cmsis/sam3x/source/templates/system_sam3x.o
 .debug_aranges
                0x00001030       0x60 src/ASF/sam/utils/syscalls/gcc/syscalls.o
 .debug_aranges
                0x00001090       0x20 src/main.o

.debug_ranges   0x00000000      0xf88
 .debug_ranges  0x00000000       0x30 src/ADFunctions.o
 .debug_ranges  0x00000030       0x10 src/ASF/common/utils/stdio/read.o
 .debug_ranges  0x00000040       0x10 src/ASF/common/utils/stdio/write.o
 .debug_ranges  0x00000050      0x168 src/ASF/sam/drivers/adc/adc.o
 .debug_ranges  0x000001b8      0x148 src/ASF/sam/drivers/pwm/pwm.o